../STM32f103c6_drivers/EXT/stm32f103x8_EXTI_driver.c:41:6:Enable_NVIC	16	static
../STM32f103c6_drivers/EXT/stm32f103x8_EXTI_driver.c:80:6:Disable_NVIC	16	static
../STM32f103c6_drivers/EXT/stm32f103x8_EXTI_driver.c:123:6:Update_EXTI	32	static
../STM32f103c6_drivers/EXT/stm32f103x8_EXTI_driver.c:198:6:MCAL_EXTI_GPIO_DeInit	4	static
../STM32f103c6_drivers/EXT/stm32f103x8_EXTI_driver.c:232:6:MCAL_EXTI_GPIO_Init	16	static
../STM32f103c6_drivers/EXT/stm32f103x8_EXTI_driver.c:246:6:MCAL_EXTI_GPIO_Update	16	static
../STM32f103c6_drivers/EXT/stm32f103x8_EXTI_driver.c:261:6:EXTI0_IRQHandler	8	static
../STM32f103c6_drivers/EXT/stm32f103x8_EXTI_driver.c:269:6:EXTI1_IRQHandler	8	static
../STM32f103c6_drivers/EXT/stm32f103x8_EXTI_driver.c:275:6:EXTI2_IRQHandler	8	static
../STM32f103c6_drivers/EXT/stm32f103x8_EXTI_driver.c:281:6:EXTI3_IRQHandler	8	static
../STM32f103c6_drivers/EXT/stm32f103x8_EXTI_driver.c:287:6:EXTI4_IRQHandler	8	static
../STM32f103c6_drivers/EXT/stm32f103x8_EXTI_driver.c:292:6:EXTI9_5_IRQHandler	8	static
../STM32f103c6_drivers/EXT/stm32f103x8_EXTI_driver.c:301:6:EXTI15_10_IRQHandler	8	static
