Archive member included to satisfy reference by file (symbol)

c:/st/stm32cubeide_1.10.1/stm32cubeide/plugins/com.st.stm32cube.ide.mcu.externaltools.gnu-tools-for-stm32.10.3-2021.10.win32_1.0.0.202111181127/tools/bin/../lib/gcc/arm-none-eabi/10.3.1/../../../../arm-none-eabi/lib/thumb/v7-m/nofp\libc_nano.a(lib_a-errno.o)
                              ./Src/syscalls.o (__errno)
c:/st/stm32cubeide_1.10.1/stm32cubeide/plugins/com.st.stm32cube.ide.mcu.externaltools.gnu-tools-for-stm32.10.3-2021.10.win32_1.0.0.202111181127/tools/bin/../lib/gcc/arm-none-eabi/10.3.1/../../../../arm-none-eabi/lib/thumb/v7-m/nofp\libc_nano.a(lib_a-exit.o)
                              c:/st/stm32cubeide_1.10.1/stm32cubeide/plugins/com.st.stm32cube.ide.mcu.externaltools.gnu-tools-for-stm32.10.3-2021.10.win32_1.0.0.202111181127/tools/bin/../lib/gcc/arm-none-eabi/10.3.1/../../../../arm-none-eabi/lib/thumb/v7-m/nofp/crt0.o (exit)
c:/st/stm32cubeide_1.10.1/stm32cubeide/plugins/com.st.stm32cube.ide.mcu.externaltools.gnu-tools-for-stm32.10.3-2021.10.win32_1.0.0.202111181127/tools/bin/../lib/gcc/arm-none-eabi/10.3.1/../../../../arm-none-eabi/lib/thumb/v7-m/nofp\libc_nano.a(lib_a-impure.o)
                              c:/st/stm32cubeide_1.10.1/stm32cubeide/plugins/com.st.stm32cube.ide.mcu.externaltools.gnu-tools-for-stm32.10.3-2021.10.win32_1.0.0.202111181127/tools/bin/../lib/gcc/arm-none-eabi/10.3.1/../../../../arm-none-eabi/lib/thumb/v7-m/nofp\libc_nano.a(lib_a-exit.o) (_global_impure_ptr)
c:/st/stm32cubeide_1.10.1/stm32cubeide/plugins/com.st.stm32cube.ide.mcu.externaltools.gnu-tools-for-stm32.10.3-2021.10.win32_1.0.0.202111181127/tools/bin/../lib/gcc/arm-none-eabi/10.3.1/../../../../arm-none-eabi/lib/thumb/v7-m/nofp\libc_nano.a(lib_a-init.o)
                              c:/st/stm32cubeide_1.10.1/stm32cubeide/plugins/com.st.stm32cube.ide.mcu.externaltools.gnu-tools-for-stm32.10.3-2021.10.win32_1.0.0.202111181127/tools/bin/../lib/gcc/arm-none-eabi/10.3.1/../../../../arm-none-eabi/lib/thumb/v7-m/nofp/crt0.o (__libc_init_array)
c:/st/stm32cubeide_1.10.1/stm32cubeide/plugins/com.st.stm32cube.ide.mcu.externaltools.gnu-tools-for-stm32.10.3-2021.10.win32_1.0.0.202111181127/tools/bin/../lib/gcc/arm-none-eabi/10.3.1/../../../../arm-none-eabi/lib/thumb/v7-m/nofp\libc_nano.a(lib_a-memset.o)
                              c:/st/stm32cubeide_1.10.1/stm32cubeide/plugins/com.st.stm32cube.ide.mcu.externaltools.gnu-tools-for-stm32.10.3-2021.10.win32_1.0.0.202111181127/tools/bin/../lib/gcc/arm-none-eabi/10.3.1/../../../../arm-none-eabi/lib/thumb/v7-m/nofp/crt0.o (memset)

Discarded input sections

 .text          0x0000000000000000        0x0 c:/st/stm32cubeide_1.10.1/stm32cubeide/plugins/com.st.stm32cube.ide.mcu.externaltools.gnu-tools-for-stm32.10.3-2021.10.win32_1.0.0.202111181127/tools/bin/../lib/gcc/arm-none-eabi/10.3.1/thumb/v7-m/nofp/crti.o
 .data          0x0000000000000000        0x0 c:/st/stm32cubeide_1.10.1/stm32cubeide/plugins/com.st.stm32cube.ide.mcu.externaltools.gnu-tools-for-stm32.10.3-2021.10.win32_1.0.0.202111181127/tools/bin/../lib/gcc/arm-none-eabi/10.3.1/thumb/v7-m/nofp/crti.o
 .bss           0x0000000000000000        0x0 c:/st/stm32cubeide_1.10.1/stm32cubeide/plugins/com.st.stm32cube.ide.mcu.externaltools.gnu-tools-for-stm32.10.3-2021.10.win32_1.0.0.202111181127/tools/bin/../lib/gcc/arm-none-eabi/10.3.1/thumb/v7-m/nofp/crti.o
 .data          0x0000000000000000        0x4 c:/st/stm32cubeide_1.10.1/stm32cubeide/plugins/com.st.stm32cube.ide.mcu.externaltools.gnu-tools-for-stm32.10.3-2021.10.win32_1.0.0.202111181127/tools/bin/../lib/gcc/arm-none-eabi/10.3.1/thumb/v7-m/nofp/crtbegin.o
 .rodata        0x0000000000000000       0x24 c:/st/stm32cubeide_1.10.1/stm32cubeide/plugins/com.st.stm32cube.ide.mcu.externaltools.gnu-tools-for-stm32.10.3-2021.10.win32_1.0.0.202111181127/tools/bin/../lib/gcc/arm-none-eabi/10.3.1/thumb/v7-m/nofp/crtbegin.o
 .text          0x0000000000000000       0x7c c:/st/stm32cubeide_1.10.1/stm32cubeide/plugins/com.st.stm32cube.ide.mcu.externaltools.gnu-tools-for-stm32.10.3-2021.10.win32_1.0.0.202111181127/tools/bin/../lib/gcc/arm-none-eabi/10.3.1/../../../../arm-none-eabi/lib/thumb/v7-m/nofp/crt0.o
 .data          0x0000000000000000        0x0 c:/st/stm32cubeide_1.10.1/stm32cubeide/plugins/com.st.stm32cube.ide.mcu.externaltools.gnu-tools-for-stm32.10.3-2021.10.win32_1.0.0.202111181127/tools/bin/../lib/gcc/arm-none-eabi/10.3.1/../../../../arm-none-eabi/lib/thumb/v7-m/nofp/crt0.o
 .bss           0x0000000000000000        0x0 c:/st/stm32cubeide_1.10.1/stm32cubeide/plugins/com.st.stm32cube.ide.mcu.externaltools.gnu-tools-for-stm32.10.3-2021.10.win32_1.0.0.202111181127/tools/bin/../lib/gcc/arm-none-eabi/10.3.1/../../../../arm-none-eabi/lib/thumb/v7-m/nofp/crt0.o
 .ARM.extab     0x0000000000000000        0x0 c:/st/stm32cubeide_1.10.1/stm32cubeide/plugins/com.st.stm32cube.ide.mcu.externaltools.gnu-tools-for-stm32.10.3-2021.10.win32_1.0.0.202111181127/tools/bin/../lib/gcc/arm-none-eabi/10.3.1/../../../../arm-none-eabi/lib/thumb/v7-m/nofp/crt0.o
 .ARM.exidx     0x0000000000000000       0x10 c:/st/stm32cubeide_1.10.1/stm32cubeide/plugins/com.st.stm32cube.ide.mcu.externaltools.gnu-tools-for-stm32.10.3-2021.10.win32_1.0.0.202111181127/tools/bin/../lib/gcc/arm-none-eabi/10.3.1/../../../../arm-none-eabi/lib/thumb/v7-m/nofp/crt0.o
 .ARM.attributes
                0x0000000000000000       0x1b c:/st/stm32cubeide_1.10.1/stm32cubeide/plugins/com.st.stm32cube.ide.mcu.externaltools.gnu-tools-for-stm32.10.3-2021.10.win32_1.0.0.202111181127/tools/bin/../lib/gcc/arm-none-eabi/10.3.1/../../../../arm-none-eabi/lib/thumb/v7-m/nofp/crt0.o
 .group         0x0000000000000000        0xc ./HAL/keypad.o
 .group         0x0000000000000000        0xc ./HAL/keypad.o
 .group         0x0000000000000000        0xc ./HAL/keypad.o
 .group         0x0000000000000000        0xc ./HAL/keypad.o
 .group         0x0000000000000000        0xc ./HAL/keypad.o
 .group         0x0000000000000000        0xc ./HAL/keypad.o
 .group         0x0000000000000000        0xc ./HAL/keypad.o
 .group         0x0000000000000000        0xc ./HAL/keypad.o
 .group         0x0000000000000000        0xc ./HAL/keypad.o
 .group         0x0000000000000000        0xc ./HAL/keypad.o
 .group         0x0000000000000000        0xc ./HAL/keypad.o
 .group         0x0000000000000000        0xc ./HAL/keypad.o
 .group         0x0000000000000000        0xc ./HAL/keypad.o
 .group         0x0000000000000000        0xc ./HAL/keypad.o
 .group         0x0000000000000000        0xc ./HAL/keypad.o
 .group         0x0000000000000000        0xc ./HAL/keypad.o
 .group         0x0000000000000000        0xc ./HAL/keypad.o
 .group         0x0000000000000000        0xc ./HAL/keypad.o
 .group         0x0000000000000000        0xc ./HAL/keypad.o
 .group         0x0000000000000000        0xc ./HAL/keypad.o
 .group         0x0000000000000000        0xc ./HAL/keypad.o
 .group         0x0000000000000000        0xc ./HAL/keypad.o
 .group         0x0000000000000000        0xc ./HAL/keypad.o
 .group         0x0000000000000000        0xc ./HAL/keypad.o
 .group         0x0000000000000000        0xc ./HAL/keypad.o
 .group         0x0000000000000000        0xc ./HAL/keypad.o
 .group         0x0000000000000000        0xc ./HAL/keypad.o
 .group         0x0000000000000000        0xc ./HAL/keypad.o
 .text          0x0000000000000000        0x0 ./HAL/keypad.o
 .data          0x0000000000000000        0x0 ./HAL/keypad.o
 .bss           0x0000000000000000        0x0 ./HAL/keypad.o
 .bss.Key_padRow_pins
                0x0000000000000000       0x20 ./HAL/keypad.o
 .bss.Key_padCol_pins
                0x0000000000000000       0x20 ./HAL/keypad.o
 .data.my_keypad
                0x0000000000000000       0x10 ./HAL/keypad.o
 .text.delay_mss
                0x0000000000000000       0x3a ./HAL/keypad.o
 .text.Keypad_init
                0x0000000000000000      0x148 ./HAL/keypad.o
 .text.Keypad_getkey
                0x0000000000000000       0xec ./HAL/keypad.o
 .debug_info    0x0000000000000000      0x313 ./HAL/keypad.o
 .debug_abbrev  0x0000000000000000      0x152 ./HAL/keypad.o
 .debug_loc     0x0000000000000000       0xfc ./HAL/keypad.o
 .debug_aranges
                0x0000000000000000       0x30 ./HAL/keypad.o
 .debug_ranges  0x0000000000000000       0x20 ./HAL/keypad.o
 .debug_macro   0x0000000000000000      0x15f ./HAL/keypad.o
 .debug_macro   0x0000000000000000      0xa72 ./HAL/keypad.o
 .debug_macro   0x0000000000000000       0x18 ./HAL/keypad.o
 .debug_macro   0x0000000000000000       0x22 ./HAL/keypad.o
 .debug_macro   0x0000000000000000       0x4c ./HAL/keypad.o
 .debug_macro   0x0000000000000000       0x94 ./HAL/keypad.o
 .debug_macro   0x0000000000000000       0x3c ./HAL/keypad.o
 .debug_macro   0x0000000000000000       0x34 ./HAL/keypad.o
 .debug_macro   0x0000000000000000       0x16 ./HAL/keypad.o
 .debug_macro   0x0000000000000000      0x10e ./HAL/keypad.o
 .debug_macro   0x0000000000000000       0x8d ./HAL/keypad.o
 .debug_macro   0x0000000000000000       0x16 ./HAL/keypad.o
 .debug_macro   0x0000000000000000       0x43 ./HAL/keypad.o
 .debug_macro   0x0000000000000000       0x57 ./HAL/keypad.o
 .debug_macro   0x0000000000000000       0x34 ./HAL/keypad.o
 .debug_macro   0x0000000000000000       0x10 ./HAL/keypad.o
 .debug_macro   0x0000000000000000       0x58 ./HAL/keypad.o
 .debug_macro   0x0000000000000000       0x71 ./HAL/keypad.o
 .debug_macro   0x0000000000000000       0x1c ./HAL/keypad.o
 .debug_macro   0x0000000000000000      0x12a ./HAL/keypad.o
 .debug_macro   0x0000000000000000      0x341 ./HAL/keypad.o
 .debug_macro   0x0000000000000000       0x16 ./HAL/keypad.o
 .debug_macro   0x0000000000000000       0x29 ./HAL/keypad.o
 .debug_macro   0x0000000000000000      0x103 ./HAL/keypad.o
 .debug_macro   0x0000000000000000       0x6a ./HAL/keypad.o
 .debug_macro   0x0000000000000000      0x1df ./HAL/keypad.o
 .debug_macro   0x0000000000000000      0x1b0 ./HAL/keypad.o
 .debug_macro   0x0000000000000000       0xd0 ./HAL/keypad.o
 .debug_macro   0x0000000000000000       0x64 ./HAL/keypad.o
 .debug_line    0x0000000000000000      0x6f9 ./HAL/keypad.o
 .debug_str     0x0000000000000000     0x7c96 ./HAL/keypad.o
 .comment       0x0000000000000000       0x51 ./HAL/keypad.o
 .debug_frame   0x0000000000000000       0x80 ./HAL/keypad.o
 .ARM.attributes
                0x0000000000000000       0x2d ./HAL/keypad.o
 .group         0x0000000000000000        0xc ./HAL/lcd.o
 .group         0x0000000000000000        0xc ./HAL/lcd.o
 .group         0x0000000000000000        0xc ./HAL/lcd.o
 .group         0x0000000000000000        0xc ./HAL/lcd.o
 .group         0x0000000000000000        0xc ./HAL/lcd.o
 .group         0x0000000000000000        0xc ./HAL/lcd.o
 .group         0x0000000000000000        0xc ./HAL/lcd.o
 .group         0x0000000000000000        0xc ./HAL/lcd.o
 .group         0x0000000000000000        0xc ./HAL/lcd.o
 .group         0x0000000000000000        0xc ./HAL/lcd.o
 .group         0x0000000000000000        0xc ./HAL/lcd.o
 .group         0x0000000000000000        0xc ./HAL/lcd.o
 .group         0x0000000000000000        0xc ./HAL/lcd.o
 .group         0x0000000000000000        0xc ./HAL/lcd.o
 .group         0x0000000000000000        0xc ./HAL/lcd.o
 .group         0x0000000000000000        0xc ./HAL/lcd.o
 .group         0x0000000000000000        0xc ./HAL/lcd.o
 .group         0x0000000000000000        0xc ./HAL/lcd.o
 .group         0x0000000000000000        0xc ./HAL/lcd.o
 .group         0x0000000000000000        0xc ./HAL/lcd.o
 .group         0x0000000000000000        0xc ./HAL/lcd.o
 .group         0x0000000000000000        0xc ./HAL/lcd.o
 .group         0x0000000000000000        0xc ./HAL/lcd.o
 .group         0x0000000000000000        0xc ./HAL/lcd.o
 .group         0x0000000000000000        0xc ./HAL/lcd.o
 .group         0x0000000000000000        0xc ./HAL/lcd.o
 .group         0x0000000000000000        0xc ./HAL/lcd.o
 .group         0x0000000000000000        0xc ./HAL/lcd.o
 .group         0x0000000000000000        0xc ./HAL/lcd.o
 .text          0x0000000000000000        0x0 ./HAL/lcd.o
 .data          0x0000000000000000        0x0 ./HAL/lcd.o
 .bss           0x0000000000000000        0x0 ./HAL/lcd.o
 .bss.PinCfg    0x0000000000000000        0x8 ./HAL/lcd.o
 .bss.RS_SWITCH_pin
                0x0000000000000000        0x8 ./HAL/lcd.o
 .bss.RW_SWITCH_pin
                0x0000000000000000        0x8 ./HAL/lcd.o
 .bss.EN_SWITCH_pin
                0x0000000000000000        0x8 ./HAL/lcd.o
 .text.delay_ms
                0x0000000000000000       0x3a ./HAL/lcd.o
 .text.LCD_GPIO_init
                0x0000000000000000      0x15c ./HAL/lcd.o
 .text.LCD_clear_screen
                0x0000000000000000        0xe ./HAL/lcd.o
 .text.LCD_lcd_kick
                0x0000000000000000       0x24 ./HAL/lcd.o
 .text.LCD_GOTO_XY
                0x0000000000000000       0x48 ./HAL/lcd.o
 .text.LCD_INIT
                0x0000000000000000       0x68 ./HAL/lcd.o
 .text.LCD_check_lcd_isbusy
                0x0000000000000000       0xcc ./HAL/lcd.o
 .text.LCD_WRITE_COMMAND
                0x0000000000000000       0x44 ./HAL/lcd.o
 .text.LCD_WRITE_CHAR
                0x0000000000000000       0x44 ./HAL/lcd.o
 .text.LCD_WRITE_STRING
                0x0000000000000000       0x5a ./HAL/lcd.o
 .debug_info    0x0000000000000000      0x48b ./HAL/lcd.o
 .debug_abbrev  0x0000000000000000      0x149 ./HAL/lcd.o
 .debug_loc     0x0000000000000000      0x278 ./HAL/lcd.o
 .debug_aranges
                0x0000000000000000       0x68 ./HAL/lcd.o
 .debug_ranges  0x0000000000000000       0x58 ./HAL/lcd.o
 .debug_macro   0x0000000000000000      0x15e ./HAL/lcd.o
 .debug_macro   0x0000000000000000      0xa72 ./HAL/lcd.o
 .debug_macro   0x0000000000000000       0x10 ./HAL/lcd.o
 .debug_macro   0x0000000000000000       0x18 ./HAL/lcd.o
 .debug_macro   0x0000000000000000       0x22 ./HAL/lcd.o
 .debug_macro   0x0000000000000000       0x4c ./HAL/lcd.o
 .debug_macro   0x0000000000000000       0x94 ./HAL/lcd.o
 .debug_macro   0x0000000000000000       0x3c ./HAL/lcd.o
 .debug_macro   0x0000000000000000       0x34 ./HAL/lcd.o
 .debug_macro   0x0000000000000000       0x16 ./HAL/lcd.o
 .debug_macro   0x0000000000000000      0x10e ./HAL/lcd.o
 .debug_macro   0x0000000000000000       0x8d ./HAL/lcd.o
 .debug_macro   0x0000000000000000       0x16 ./HAL/lcd.o
 .debug_macro   0x0000000000000000       0x43 ./HAL/lcd.o
 .debug_macro   0x0000000000000000       0x57 ./HAL/lcd.o
 .debug_macro   0x0000000000000000       0x34 ./HAL/lcd.o
 .debug_macro   0x0000000000000000       0x10 ./HAL/lcd.o
 .debug_macro   0x0000000000000000       0x58 ./HAL/lcd.o
 .debug_macro   0x0000000000000000       0x71 ./HAL/lcd.o
 .debug_macro   0x0000000000000000       0x1c ./HAL/lcd.o
 .debug_macro   0x0000000000000000      0x12a ./HAL/lcd.o
 .debug_macro   0x0000000000000000      0x341 ./HAL/lcd.o
 .debug_macro   0x0000000000000000       0x16 ./HAL/lcd.o
 .debug_macro   0x0000000000000000       0x29 ./HAL/lcd.o
 .debug_macro   0x0000000000000000      0x103 ./HAL/lcd.o
 .debug_macro   0x0000000000000000       0x6a ./HAL/lcd.o
 .debug_macro   0x0000000000000000      0x1df ./HAL/lcd.o
 .debug_macro   0x0000000000000000      0x1b0 ./HAL/lcd.o
 .debug_macro   0x0000000000000000       0xd0 ./HAL/lcd.o
 .debug_macro   0x0000000000000000       0xbe ./HAL/lcd.o
 .debug_line    0x0000000000000000      0x7cd ./HAL/lcd.o
 .debug_str     0x0000000000000000     0x7f86 ./HAL/lcd.o
 .comment       0x0000000000000000       0x51 ./HAL/lcd.o
 .debug_frame   0x0000000000000000      0x154 ./HAL/lcd.o
 .ARM.attributes
                0x0000000000000000       0x2d ./HAL/lcd.o
 .group         0x0000000000000000        0xc ./STM32f103c6_drivers/EXT/stm32f103x8_EXTI_driver.o
 .group         0x0000000000000000        0xc ./STM32f103c6_drivers/EXT/stm32f103x8_EXTI_driver.o
 .group         0x0000000000000000        0xc ./STM32f103c6_drivers/EXT/stm32f103x8_EXTI_driver.o
 .group         0x0000000000000000        0xc ./STM32f103c6_drivers/EXT/stm32f103x8_EXTI_driver.o
 .group         0x0000000000000000        0xc ./STM32f103c6_drivers/EXT/stm32f103x8_EXTI_driver.o
 .group         0x0000000000000000        0xc ./STM32f103c6_drivers/EXT/stm32f103x8_EXTI_driver.o
 .group         0x0000000000000000        0xc ./STM32f103c6_drivers/EXT/stm32f103x8_EXTI_driver.o
 .group         0x0000000000000000        0xc ./STM32f103c6_drivers/EXT/stm32f103x8_EXTI_driver.o
 .group         0x0000000000000000        0xc ./STM32f103c6_drivers/EXT/stm32f103x8_EXTI_driver.o
 .group         0x0000000000000000        0xc ./STM32f103c6_drivers/EXT/stm32f103x8_EXTI_driver.o
 .group         0x0000000000000000        0xc ./STM32f103c6_drivers/EXT/stm32f103x8_EXTI_driver.o
 .group         0x0000000000000000        0xc ./STM32f103c6_drivers/EXT/stm32f103x8_EXTI_driver.o
 .group         0x0000000000000000        0xc ./STM32f103c6_drivers/EXT/stm32f103x8_EXTI_driver.o
 .group         0x0000000000000000        0xc ./STM32f103c6_drivers/EXT/stm32f103x8_EXTI_driver.o
 .group         0x0000000000000000        0xc ./STM32f103c6_drivers/EXT/stm32f103x8_EXTI_driver.o
 .group         0x0000000000000000        0xc ./STM32f103c6_drivers/EXT/stm32f103x8_EXTI_driver.o
 .group         0x0000000000000000        0xc ./STM32f103c6_drivers/EXT/stm32f103x8_EXTI_driver.o
 .group         0x0000000000000000        0xc ./STM32f103c6_drivers/EXT/stm32f103x8_EXTI_driver.o
 .group         0x0000000000000000        0xc ./STM32f103c6_drivers/EXT/stm32f103x8_EXTI_driver.o
 .group         0x0000000000000000        0xc ./STM32f103c6_drivers/EXT/stm32f103x8_EXTI_driver.o
 .group         0x0000000000000000        0xc ./STM32f103c6_drivers/EXT/stm32f103x8_EXTI_driver.o
 .group         0x0000000000000000        0xc ./STM32f103c6_drivers/EXT/stm32f103x8_EXTI_driver.o
 .group         0x0000000000000000        0xc ./STM32f103c6_drivers/EXT/stm32f103x8_EXTI_driver.o
 .group         0x0000000000000000        0xc ./STM32f103c6_drivers/EXT/stm32f103x8_EXTI_driver.o
 .group         0x0000000000000000        0xc ./STM32f103c6_drivers/EXT/stm32f103x8_EXTI_driver.o
 .group         0x0000000000000000        0xc ./STM32f103c6_drivers/EXT/stm32f103x8_EXTI_driver.o
 .group         0x0000000000000000        0xc ./STM32f103c6_drivers/EXT/stm32f103x8_EXTI_driver.o
 .group         0x0000000000000000        0xc ./STM32f103c6_drivers/EXT/stm32f103x8_EXTI_driver.o
 .text          0x0000000000000000        0x0 ./STM32f103c6_drivers/EXT/stm32f103x8_EXTI_driver.o
 .data          0x0000000000000000        0x0 ./STM32f103c6_drivers/EXT/stm32f103x8_EXTI_driver.o
 .bss           0x0000000000000000        0x0 ./STM32f103c6_drivers/EXT/stm32f103x8_EXTI_driver.o
 .text.MCAL_EXTI_GPIO_DeInit
                0x0000000000000000       0x94 ./STM32f103c6_drivers/EXT/stm32f103x8_EXTI_driver.o
 .text.MCAL_EXTI_GPIO_Update
                0x0000000000000000       0x16 ./STM32f103c6_drivers/EXT/stm32f103x8_EXTI_driver.o
 .debug_macro   0x0000000000000000      0xa72 ./STM32f103c6_drivers/EXT/stm32f103x8_EXTI_driver.o
 .debug_macro   0x0000000000000000       0x18 ./STM32f103c6_drivers/EXT/stm32f103x8_EXTI_driver.o
 .debug_macro   0x0000000000000000       0x22 ./STM32f103c6_drivers/EXT/stm32f103x8_EXTI_driver.o
 .debug_macro   0x0000000000000000       0x4c ./STM32f103c6_drivers/EXT/stm32f103x8_EXTI_driver.o
 .debug_macro   0x0000000000000000       0x94 ./STM32f103c6_drivers/EXT/stm32f103x8_EXTI_driver.o
 .debug_macro   0x0000000000000000       0x3c ./STM32f103c6_drivers/EXT/stm32f103x8_EXTI_driver.o
 .debug_macro   0x0000000000000000       0x34 ./STM32f103c6_drivers/EXT/stm32f103x8_EXTI_driver.o
 .debug_macro   0x0000000000000000       0x16 ./STM32f103c6_drivers/EXT/stm32f103x8_EXTI_driver.o
 .debug_macro   0x0000000000000000      0x10e ./STM32f103c6_drivers/EXT/stm32f103x8_EXTI_driver.o
 .debug_macro   0x0000000000000000       0x8d ./STM32f103c6_drivers/EXT/stm32f103x8_EXTI_driver.o
 .debug_macro   0x0000000000000000       0x16 ./STM32f103c6_drivers/EXT/stm32f103x8_EXTI_driver.o
 .debug_macro   0x0000000000000000       0x43 ./STM32f103c6_drivers/EXT/stm32f103x8_EXTI_driver.o
 .debug_macro   0x0000000000000000       0x57 ./STM32f103c6_drivers/EXT/stm32f103x8_EXTI_driver.o
 .debug_macro   0x0000000000000000       0x34 ./STM32f103c6_drivers/EXT/stm32f103x8_EXTI_driver.o
 .debug_macro   0x0000000000000000       0x10 ./STM32f103c6_drivers/EXT/stm32f103x8_EXTI_driver.o
 .debug_macro   0x0000000000000000       0x58 ./STM32f103c6_drivers/EXT/stm32f103x8_EXTI_driver.o
 .debug_macro   0x0000000000000000       0x71 ./STM32f103c6_drivers/EXT/stm32f103x8_EXTI_driver.o
 .debug_macro   0x0000000000000000       0x1c ./STM32f103c6_drivers/EXT/stm32f103x8_EXTI_driver.o
 .debug_macro   0x0000000000000000      0x12a ./STM32f103c6_drivers/EXT/stm32f103x8_EXTI_driver.o
 .debug_macro   0x0000000000000000      0x341 ./STM32f103c6_drivers/EXT/stm32f103x8_EXTI_driver.o
 .debug_macro   0x0000000000000000       0x16 ./STM32f103c6_drivers/EXT/stm32f103x8_EXTI_driver.o
 .debug_macro   0x0000000000000000       0x29 ./STM32f103c6_drivers/EXT/stm32f103x8_EXTI_driver.o
 .debug_macro   0x0000000000000000      0x103 ./STM32f103c6_drivers/EXT/stm32f103x8_EXTI_driver.o
 .debug_macro   0x0000000000000000       0x6a ./STM32f103c6_drivers/EXT/stm32f103x8_EXTI_driver.o
 .debug_macro   0x0000000000000000      0x1df ./STM32f103c6_drivers/EXT/stm32f103x8_EXTI_driver.o
 .debug_macro   0x0000000000000000      0x1b0 ./STM32f103c6_drivers/EXT/stm32f103x8_EXTI_driver.o
 .group         0x0000000000000000        0xc ./STM32f103c6_drivers/GPIO/stm32f103x8_gpio_driver.o
 .group         0x0000000000000000        0xc ./STM32f103c6_drivers/GPIO/stm32f103x8_gpio_driver.o
 .group         0x0000000000000000        0xc ./STM32f103c6_drivers/GPIO/stm32f103x8_gpio_driver.o
 .group         0x0000000000000000        0xc ./STM32f103c6_drivers/GPIO/stm32f103x8_gpio_driver.o
 .group         0x0000000000000000        0xc ./STM32f103c6_drivers/GPIO/stm32f103x8_gpio_driver.o
 .group         0x0000000000000000        0xc ./STM32f103c6_drivers/GPIO/stm32f103x8_gpio_driver.o
 .group         0x0000000000000000        0xc ./STM32f103c6_drivers/GPIO/stm32f103x8_gpio_driver.o
 .group         0x0000000000000000        0xc ./STM32f103c6_drivers/GPIO/stm32f103x8_gpio_driver.o
 .group         0x0000000000000000        0xc ./STM32f103c6_drivers/GPIO/stm32f103x8_gpio_driver.o
 .group         0x0000000000000000        0xc ./STM32f103c6_drivers/GPIO/stm32f103x8_gpio_driver.o
 .group         0x0000000000000000        0xc ./STM32f103c6_drivers/GPIO/stm32f103x8_gpio_driver.o
 .group         0x0000000000000000        0xc ./STM32f103c6_drivers/GPIO/stm32f103x8_gpio_driver.o
 .group         0x0000000000000000        0xc ./STM32f103c6_drivers/GPIO/stm32f103x8_gpio_driver.o
 .group         0x0000000000000000        0xc ./STM32f103c6_drivers/GPIO/stm32f103x8_gpio_driver.o
 .group         0x0000000000000000        0xc ./STM32f103c6_drivers/GPIO/stm32f103x8_gpio_driver.o
 .group         0x0000000000000000        0xc ./STM32f103c6_drivers/GPIO/stm32f103x8_gpio_driver.o
 .group         0x0000000000000000        0xc ./STM32f103c6_drivers/GPIO/stm32f103x8_gpio_driver.o
 .group         0x0000000000000000        0xc ./STM32f103c6_drivers/GPIO/stm32f103x8_gpio_driver.o
 .group         0x0000000000000000        0xc ./STM32f103c6_drivers/GPIO/stm32f103x8_gpio_driver.o
 .group         0x0000000000000000        0xc ./STM32f103c6_drivers/GPIO/stm32f103x8_gpio_driver.o
 .group         0x0000000000000000        0xc ./STM32f103c6_drivers/GPIO/stm32f103x8_gpio_driver.o
 .group         0x0000000000000000        0xc ./STM32f103c6_drivers/GPIO/stm32f103x8_gpio_driver.o
 .group         0x0000000000000000        0xc ./STM32f103c6_drivers/GPIO/stm32f103x8_gpio_driver.o
 .group         0x0000000000000000        0xc ./STM32f103c6_drivers/GPIO/stm32f103x8_gpio_driver.o
 .group         0x0000000000000000        0xc ./STM32f103c6_drivers/GPIO/stm32f103x8_gpio_driver.o
 .group         0x0000000000000000        0xc ./STM32f103c6_drivers/GPIO/stm32f103x8_gpio_driver.o
 .group         0x0000000000000000        0xc ./STM32f103c6_drivers/GPIO/stm32f103x8_gpio_driver.o
 .text          0x0000000000000000        0x0 ./STM32f103c6_drivers/GPIO/stm32f103x8_gpio_driver.o
 .data          0x0000000000000000        0x0 ./STM32f103c6_drivers/GPIO/stm32f103x8_gpio_driver.o
 .bss           0x0000000000000000        0x0 ./STM32f103c6_drivers/GPIO/stm32f103x8_gpio_driver.o
 .text.MCAL_GPIO_DeInit
                0x0000000000000000       0xd4 ./STM32f103c6_drivers/GPIO/stm32f103x8_gpio_driver.o
 .text.MCAL_GPIO_ReadPin
                0x0000000000000000       0x36 ./STM32f103c6_drivers/GPIO/stm32f103x8_gpio_driver.o
 .text.MCAL_GPIO_ReadPort
                0x0000000000000000       0x1a ./STM32f103c6_drivers/GPIO/stm32f103x8_gpio_driver.o
 .text.MCAL_GPIO_WritePort
                0x0000000000000000       0x1c ./STM32f103c6_drivers/GPIO/stm32f103x8_gpio_driver.o
 .text.MCAL_GPIO_LockPin
                0x0000000000000000       0x56 ./STM32f103c6_drivers/GPIO/stm32f103x8_gpio_driver.o
 .debug_macro   0x0000000000000000      0xa72 ./STM32f103c6_drivers/GPIO/stm32f103x8_gpio_driver.o
 .debug_macro   0x0000000000000000       0x18 ./STM32f103c6_drivers/GPIO/stm32f103x8_gpio_driver.o
 .debug_macro   0x0000000000000000       0x22 ./STM32f103c6_drivers/GPIO/stm32f103x8_gpio_driver.o
 .debug_macro   0x0000000000000000       0x4c ./STM32f103c6_drivers/GPIO/stm32f103x8_gpio_driver.o
 .debug_macro   0x0000000000000000       0x94 ./STM32f103c6_drivers/GPIO/stm32f103x8_gpio_driver.o
 .debug_macro   0x0000000000000000       0x3c ./STM32f103c6_drivers/GPIO/stm32f103x8_gpio_driver.o
 .debug_macro   0x0000000000000000       0x34 ./STM32f103c6_drivers/GPIO/stm32f103x8_gpio_driver.o
 .debug_macro   0x0000000000000000       0x16 ./STM32f103c6_drivers/GPIO/stm32f103x8_gpio_driver.o
 .debug_macro   0x0000000000000000      0x10e ./STM32f103c6_drivers/GPIO/stm32f103x8_gpio_driver.o
 .debug_macro   0x0000000000000000       0x8d ./STM32f103c6_drivers/GPIO/stm32f103x8_gpio_driver.o
 .debug_macro   0x0000000000000000       0x16 ./STM32f103c6_drivers/GPIO/stm32f103x8_gpio_driver.o
 .debug_macro   0x0000000000000000       0x43 ./STM32f103c6_drivers/GPIO/stm32f103x8_gpio_driver.o
 .debug_macro   0x0000000000000000       0x57 ./STM32f103c6_drivers/GPIO/stm32f103x8_gpio_driver.o
 .debug_macro   0x0000000000000000       0x34 ./STM32f103c6_drivers/GPIO/stm32f103x8_gpio_driver.o
 .debug_macro   0x0000000000000000       0x10 ./STM32f103c6_drivers/GPIO/stm32f103x8_gpio_driver.o
 .debug_macro   0x0000000000000000       0x58 ./STM32f103c6_drivers/GPIO/stm32f103x8_gpio_driver.o
 .debug_macro   0x0000000000000000       0x71 ./STM32f103c6_drivers/GPIO/stm32f103x8_gpio_driver.o
 .debug_macro   0x0000000000000000       0x1c ./STM32f103c6_drivers/GPIO/stm32f103x8_gpio_driver.o
 .debug_macro   0x0000000000000000      0x12a ./STM32f103c6_drivers/GPIO/stm32f103x8_gpio_driver.o
 .debug_macro   0x0000000000000000      0x341 ./STM32f103c6_drivers/GPIO/stm32f103x8_gpio_driver.o
 .debug_macro   0x0000000000000000       0x16 ./STM32f103c6_drivers/GPIO/stm32f103x8_gpio_driver.o
 .debug_macro   0x0000000000000000       0x29 ./STM32f103c6_drivers/GPIO/stm32f103x8_gpio_driver.o
 .debug_macro   0x0000000000000000      0x103 ./STM32f103c6_drivers/GPIO/stm32f103x8_gpio_driver.o
 .debug_macro   0x0000000000000000       0x6a ./STM32f103c6_drivers/GPIO/stm32f103x8_gpio_driver.o
 .debug_macro   0x0000000000000000      0x1df ./STM32f103c6_drivers/GPIO/stm32f103x8_gpio_driver.o
 .debug_macro   0x0000000000000000      0x1b0 ./STM32f103c6_drivers/GPIO/stm32f103x8_gpio_driver.o
 .debug_macro   0x0000000000000000       0xd0 ./STM32f103c6_drivers/GPIO/stm32f103x8_gpio_driver.o
 .group         0x0000000000000000        0xc ./Src/main.o
 .group         0x0000000000000000        0xc ./Src/main.o
 .group         0x0000000000000000        0xc ./Src/main.o
 .group         0x0000000000000000        0xc ./Src/main.o
 .group         0x0000000000000000        0xc ./Src/main.o
 .group         0x0000000000000000        0xc ./Src/main.o
 .group         0x0000000000000000        0xc ./Src/main.o
 .group         0x0000000000000000        0xc ./Src/main.o
 .group         0x0000000000000000        0xc ./Src/main.o
 .group         0x0000000000000000        0xc ./Src/main.o
 .group         0x0000000000000000        0xc ./Src/main.o
 .group         0x0000000000000000        0xc ./Src/main.o
 .group         0x0000000000000000        0xc ./Src/main.o
 .group         0x0000000000000000        0xc ./Src/main.o
 .group         0x0000000000000000        0xc ./Src/main.o
 .group         0x0000000000000000        0xc ./Src/main.o
 .group         0x0000000000000000        0xc ./Src/main.o
 .group         0x0000000000000000        0xc ./Src/main.o
 .group         0x0000000000000000        0xc ./Src/main.o
 .group         0x0000000000000000        0xc ./Src/main.o
 .group         0x0000000000000000        0xc ./Src/main.o
 .group         0x0000000000000000        0xc ./Src/main.o
 .group         0x0000000000000000        0xc ./Src/main.o
 .group         0x0000000000000000        0xc ./Src/main.o
 .group         0x0000000000000000        0xc ./Src/main.o
 .group         0x0000000000000000        0xc ./Src/main.o
 .group         0x0000000000000000        0xc ./Src/main.o
 .group         0x0000000000000000        0xc ./Src/main.o
 .group         0x0000000000000000        0xc ./Src/main.o
 .group         0x0000000000000000        0xc ./Src/main.o
 .text          0x0000000000000000        0x0 ./Src/main.o
 .data          0x0000000000000000        0x0 ./Src/main.o
 .bss           0x0000000000000000        0x0 ./Src/main.o
 .text.delay    0x0000000000000000       0x28 ./Src/main.o
 .debug_macro   0x0000000000000000      0xa72 ./Src/main.o
 .debug_macro   0x0000000000000000       0x22 ./Src/main.o
 .debug_macro   0x0000000000000000      0x103 ./Src/main.o
 .debug_macro   0x0000000000000000       0x6a ./Src/main.o
 .debug_macro   0x0000000000000000      0x1df ./Src/main.o
 .debug_macro   0x0000000000000000       0x18 ./Src/main.o
 .debug_macro   0x0000000000000000       0x3c ./Src/main.o
 .debug_macro   0x0000000000000000       0x34 ./Src/main.o
 .debug_macro   0x0000000000000000       0x16 ./Src/main.o
 .debug_macro   0x0000000000000000      0x10e ./Src/main.o
 .debug_macro   0x0000000000000000       0x8d ./Src/main.o
 .debug_macro   0x0000000000000000       0x16 ./Src/main.o
 .debug_macro   0x0000000000000000       0x43 ./Src/main.o
 .debug_macro   0x0000000000000000       0x34 ./Src/main.o
 .debug_macro   0x0000000000000000       0x10 ./Src/main.o
 .debug_macro   0x0000000000000000       0x58 ./Src/main.o
 .debug_macro   0x0000000000000000       0x71 ./Src/main.o
 .debug_macro   0x0000000000000000       0x1c ./Src/main.o
 .debug_macro   0x0000000000000000      0x12a ./Src/main.o
 .debug_macro   0x0000000000000000      0x341 ./Src/main.o
 .debug_macro   0x0000000000000000       0x16 ./Src/main.o
 .debug_macro   0x0000000000000000       0x29 ./Src/main.o
 .debug_macro   0x0000000000000000      0x1b0 ./Src/main.o
 .debug_macro   0x0000000000000000       0xd0 ./Src/main.o
 .debug_macro   0x0000000000000000      0x227 ./Src/main.o
 .group         0x0000000000000000        0xc ./Src/syscalls.o
 .group         0x0000000000000000        0xc ./Src/syscalls.o
 .group         0x0000000000000000        0xc ./Src/syscalls.o
 .group         0x0000000000000000        0xc ./Src/syscalls.o
 .group         0x0000000000000000        0xc ./Src/syscalls.o
 .group         0x0000000000000000        0xc ./Src/syscalls.o
 .group         0x0000000000000000        0xc ./Src/syscalls.o
 .group         0x0000000000000000        0xc ./Src/syscalls.o
 .group         0x0000000000000000        0xc ./Src/syscalls.o
 .group         0x0000000000000000        0xc ./Src/syscalls.o
 .group         0x0000000000000000        0xc ./Src/syscalls.o
 .group         0x0000000000000000        0xc ./Src/syscalls.o
 .group         0x0000000000000000        0xc ./Src/syscalls.o
 .group         0x0000000000000000        0xc ./Src/syscalls.o
 .group         0x0000000000000000        0xc ./Src/syscalls.o
 .group         0x0000000000000000        0xc ./Src/syscalls.o
 .group         0x0000000000000000        0xc ./Src/syscalls.o
 .group         0x0000000000000000        0xc ./Src/syscalls.o
 .group         0x0000000000000000        0xc ./Src/syscalls.o
 .group         0x0000000000000000        0xc ./Src/syscalls.o
 .group         0x0000000000000000        0xc ./Src/syscalls.o
 .group         0x0000000000000000        0xc ./Src/syscalls.o
 .group         0x0000000000000000        0xc ./Src/syscalls.o
 .group         0x0000000000000000        0xc ./Src/syscalls.o
 .group         0x0000000000000000        0xc ./Src/syscalls.o
 .group         0x0000000000000000        0xc ./Src/syscalls.o
 .group         0x0000000000000000        0xc ./Src/syscalls.o
 .group         0x0000000000000000        0xc ./Src/syscalls.o
 .group         0x0000000000000000        0xc ./Src/syscalls.o
 .group         0x0000000000000000        0xc ./Src/syscalls.o
 .group         0x0000000000000000        0xc ./Src/syscalls.o
 .group         0x0000000000000000        0xc ./Src/syscalls.o
 .group         0x0000000000000000        0xc ./Src/syscalls.o
 .group         0x0000000000000000        0xc ./Src/syscalls.o
 .group         0x0000000000000000        0xc ./Src/syscalls.o
 .group         0x0000000000000000        0xc ./Src/syscalls.o
 .group         0x0000000000000000        0xc ./Src/syscalls.o
 .group         0x0000000000000000        0xc ./Src/syscalls.o
 .group         0x0000000000000000        0xc ./Src/syscalls.o
 .group         0x0000000000000000        0xc ./Src/syscalls.o
 .group         0x0000000000000000        0xc ./Src/syscalls.o
 .group         0x0000000000000000        0xc ./Src/syscalls.o
 .group         0x0000000000000000        0xc ./Src/syscalls.o
 .group         0x0000000000000000        0xc ./Src/syscalls.o
 .group         0x0000000000000000        0xc ./Src/syscalls.o
 .group         0x0000000000000000        0xc ./Src/syscalls.o
 .group         0x0000000000000000        0xc ./Src/syscalls.o
 .text          0x0000000000000000        0x0 ./Src/syscalls.o
 .data          0x0000000000000000        0x0 ./Src/syscalls.o
 .bss           0x0000000000000000        0x0 ./Src/syscalls.o
 .bss.__env     0x0000000000000000        0x4 ./Src/syscalls.o
 .data.environ  0x0000000000000000        0x4 ./Src/syscalls.o
 .text.initialise_monitor_handles
                0x0000000000000000        0xc ./Src/syscalls.o
 .text._getpid  0x0000000000000000        0xe ./Src/syscalls.o
 .text._kill    0x0000000000000000       0x20 ./Src/syscalls.o
 .text._exit    0x0000000000000000       0x14 ./Src/syscalls.o
 .text._read    0x0000000000000000       0x3a ./Src/syscalls.o
 .text._write   0x0000000000000000       0x38 ./Src/syscalls.o
 .text._close   0x0000000000000000       0x16 ./Src/syscalls.o
 .text._fstat   0x0000000000000000       0x1e ./Src/syscalls.o
 .text._isatty  0x0000000000000000       0x14 ./Src/syscalls.o
 .text._lseek   0x0000000000000000       0x18 ./Src/syscalls.o
 .text._open    0x0000000000000000       0x1a ./Src/syscalls.o
 .text._wait    0x0000000000000000       0x1e ./Src/syscalls.o
 .text._unlink  0x0000000000000000       0x1e ./Src/syscalls.o
 .text._times   0x0000000000000000       0x16 ./Src/syscalls.o
 .text._stat    0x0000000000000000       0x1e ./Src/syscalls.o
 .text._link    0x0000000000000000       0x20 ./Src/syscalls.o
 .text._fork    0x0000000000000000       0x16 ./Src/syscalls.o
 .text._execve  0x0000000000000000       0x22 ./Src/syscalls.o
 .debug_info    0x0000000000000000      0x771 ./Src/syscalls.o
 .debug_abbrev  0x0000000000000000      0x1b5 ./Src/syscalls.o
 .debug_loc     0x0000000000000000      0x5b8 ./Src/syscalls.o
 .debug_aranges
                0x0000000000000000       0xa8 ./Src/syscalls.o
 .debug_ranges  0x0000000000000000       0x98 ./Src/syscalls.o
 .debug_macro   0x0000000000000000      0x24c ./Src/syscalls.o
 .debug_macro   0x0000000000000000      0xa72 ./Src/syscalls.o
 .debug_macro   0x0000000000000000       0x22 ./Src/syscalls.o
 .debug_macro   0x0000000000000000       0x4c ./Src/syscalls.o
 .debug_macro   0x0000000000000000       0x18 ./Src/syscalls.o
 .debug_macro   0x0000000000000000       0x94 ./Src/syscalls.o
 .debug_macro   0x0000000000000000       0x3c ./Src/syscalls.o
 .debug_macro   0x0000000000000000       0x34 ./Src/syscalls.o
 .debug_macro   0x0000000000000000       0x57 ./Src/syscalls.o
 .debug_macro   0x0000000000000000      0x174 ./Src/syscalls.o
 .debug_macro   0x0000000000000000      0x341 ./Src/syscalls.o
 .debug_macro   0x0000000000000000       0x16 ./Src/syscalls.o
 .debug_macro   0x0000000000000000       0x43 ./Src/syscalls.o
 .debug_macro   0x0000000000000000       0x34 ./Src/syscalls.o
 .debug_macro   0x0000000000000000       0x10 ./Src/syscalls.o
 .debug_macro   0x0000000000000000       0x58 ./Src/syscalls.o
 .debug_macro   0x0000000000000000       0x71 ./Src/syscalls.o
 .debug_macro   0x0000000000000000       0x1c ./Src/syscalls.o
 .debug_macro   0x0000000000000000      0x12a ./Src/syscalls.o
 .debug_macro   0x0000000000000000       0x10 ./Src/syscalls.o
 .debug_macro   0x0000000000000000       0x35 ./Src/syscalls.o
 .debug_macro   0x0000000000000000       0x10 ./Src/syscalls.o
 .debug_macro   0x0000000000000000       0x10 ./Src/syscalls.o
 .debug_macro   0x0000000000000000       0x10 ./Src/syscalls.o
 .debug_macro   0x0000000000000000       0x6a ./Src/syscalls.o
 .debug_macro   0x0000000000000000       0x1c ./Src/syscalls.o
 .debug_macro   0x0000000000000000       0x52 ./Src/syscalls.o
 .debug_macro   0x0000000000000000       0x22 ./Src/syscalls.o
 .debug_macro   0x0000000000000000       0x10 ./Src/syscalls.o
 .debug_macro   0x0000000000000000       0x52 ./Src/syscalls.o
 .debug_macro   0x0000000000000000       0xd5 ./Src/syscalls.o
 .debug_macro   0x0000000000000000       0x1c ./Src/syscalls.o
 .debug_macro   0x0000000000000000       0x3d ./Src/syscalls.o
 .debug_macro   0x0000000000000000       0x35 ./Src/syscalls.o
 .debug_macro   0x0000000000000000      0x12c ./Src/syscalls.o
 .debug_macro   0x0000000000000000       0x16 ./Src/syscalls.o
 .debug_macro   0x0000000000000000       0x16 ./Src/syscalls.o
 .debug_macro   0x0000000000000000       0x29 ./Src/syscalls.o
 .debug_macro   0x0000000000000000       0x10 ./Src/syscalls.o
 .debug_macro   0x0000000000000000      0x241 ./Src/syscalls.o
 .debug_macro   0x0000000000000000       0x1c ./Src/syscalls.o
 .debug_macro   0x0000000000000000       0x10 ./Src/syscalls.o
 .debug_macro   0x0000000000000000       0x10 ./Src/syscalls.o
 .debug_macro   0x0000000000000000       0x16 ./Src/syscalls.o
 .debug_macro   0x0000000000000000      0x145 ./Src/syscalls.o
 .debug_macro   0x0000000000000000      0x189 ./Src/syscalls.o
 .debug_macro   0x0000000000000000       0x16 ./Src/syscalls.o
 .debug_macro   0x0000000000000000       0xce ./Src/syscalls.o
 .debug_line    0x0000000000000000      0x7ef ./Src/syscalls.o
 .debug_str     0x0000000000000000     0x8a2d ./Src/syscalls.o
 .comment       0x0000000000000000       0x51 ./Src/syscalls.o
 .debug_frame   0x0000000000000000      0x2ac ./Src/syscalls.o
 .ARM.attributes
                0x0000000000000000       0x2d ./Src/syscalls.o
 .group         0x0000000000000000        0xc ./Src/sysmem.o
 .group         0x0000000000000000        0xc ./Src/sysmem.o
 .group         0x0000000000000000        0xc ./Src/sysmem.o
 .group         0x0000000000000000        0xc ./Src/sysmem.o
 .group         0x0000000000000000        0xc ./Src/sysmem.o
 .group         0x0000000000000000        0xc ./Src/sysmem.o
 .group         0x0000000000000000        0xc ./Src/sysmem.o
 .group         0x0000000000000000        0xc ./Src/sysmem.o
 .group         0x0000000000000000        0xc ./Src/sysmem.o
 .group         0x0000000000000000        0xc ./Src/sysmem.o
 .group         0x0000000000000000        0xc ./Src/sysmem.o
 .group         0x0000000000000000        0xc ./Src/sysmem.o
 .group         0x0000000000000000        0xc ./Src/sysmem.o
 .group         0x0000000000000000        0xc ./Src/sysmem.o
 .group         0x0000000000000000        0xc ./Src/sysmem.o
 .group         0x0000000000000000        0xc ./Src/sysmem.o
 .group         0x0000000000000000        0xc ./Src/sysmem.o
 .group         0x0000000000000000        0xc ./Src/sysmem.o
 .group         0x0000000000000000        0xc ./Src/sysmem.o
 .group         0x0000000000000000        0xc ./Src/sysmem.o
 .group         0x0000000000000000        0xc ./Src/sysmem.o
 .group         0x0000000000000000        0xc ./Src/sysmem.o
 .text          0x0000000000000000        0x0 ./Src/sysmem.o
 .data          0x0000000000000000        0x0 ./Src/sysmem.o
 .bss           0x0000000000000000        0x0 ./Src/sysmem.o
 .bss.__sbrk_heap_end
                0x0000000000000000        0x4 ./Src/sysmem.o
 .text._sbrk    0x0000000000000000       0x6c ./Src/sysmem.o
 .debug_info    0x0000000000000000      0x183 ./Src/sysmem.o
 .debug_abbrev  0x0000000000000000       0xbd ./Src/sysmem.o
 .debug_loc     0x0000000000000000       0x50 ./Src/sysmem.o
 .debug_aranges
                0x0000000000000000       0x20 ./Src/sysmem.o
 .debug_ranges  0x0000000000000000       0x10 ./Src/sysmem.o
 .debug_macro   0x0000000000000000       0xff ./Src/sysmem.o
 .debug_macro   0x0000000000000000      0xa72 ./Src/sysmem.o
 .debug_macro   0x0000000000000000       0x10 ./Src/sysmem.o
 .debug_macro   0x0000000000000000       0x22 ./Src/sysmem.o
 .debug_macro   0x0000000000000000       0x4c ./Src/sysmem.o
 .debug_macro   0x0000000000000000       0x18 ./Src/sysmem.o
 .debug_macro   0x0000000000000000       0x94 ./Src/sysmem.o
 .debug_macro   0x0000000000000000       0x3c ./Src/sysmem.o
 .debug_macro   0x0000000000000000       0x34 ./Src/sysmem.o
 .debug_macro   0x0000000000000000      0x174 ./Src/sysmem.o
 .debug_macro   0x0000000000000000       0x16 ./Src/sysmem.o
 .debug_macro   0x0000000000000000       0x43 ./Src/sysmem.o
 .debug_macro   0x0000000000000000       0x57 ./Src/sysmem.o
 .debug_macro   0x0000000000000000       0x34 ./Src/sysmem.o
 .debug_macro   0x0000000000000000       0x10 ./Src/sysmem.o
 .debug_macro   0x0000000000000000       0x58 ./Src/sysmem.o
 .debug_macro   0x0000000000000000       0x71 ./Src/sysmem.o
 .debug_macro   0x0000000000000000       0x1c ./Src/sysmem.o
 .debug_macro   0x0000000000000000      0x12a ./Src/sysmem.o
 .debug_macro   0x0000000000000000      0x23b ./Src/sysmem.o
 .debug_macro   0x0000000000000000      0x103 ./Src/sysmem.o
 .debug_macro   0x0000000000000000       0x6a ./Src/sysmem.o
 .debug_macro   0x0000000000000000      0x1df ./Src/sysmem.o
 .debug_line    0x0000000000000000      0x4e5 ./Src/sysmem.o
 .debug_str     0x0000000000000000     0x5d69 ./Src/sysmem.o
 .comment       0x0000000000000000       0x51 ./Src/sysmem.o
 .debug_frame   0x0000000000000000       0x34 ./Src/sysmem.o
 .ARM.attributes
                0x0000000000000000       0x2d ./Src/sysmem.o
 .text          0x0000000000000000       0x14 ./Startup/startup_stm32f103c6tx.o
 .data          0x0000000000000000        0x0 ./Startup/startup_stm32f103c6tx.o
 .bss           0x0000000000000000        0x0 ./Startup/startup_stm32f103c6tx.o
 .text          0x0000000000000000        0x0 c:/st/stm32cubeide_1.10.1/stm32cubeide/plugins/com.st.stm32cube.ide.mcu.externaltools.gnu-tools-for-stm32.10.3-2021.10.win32_1.0.0.202111181127/tools/bin/../lib/gcc/arm-none-eabi/10.3.1/../../../../arm-none-eabi/lib/thumb/v7-m/nofp\libc_nano.a(lib_a-errno.o)
 .data          0x0000000000000000        0x0 c:/st/stm32cubeide_1.10.1/stm32cubeide/plugins/com.st.stm32cube.ide.mcu.externaltools.gnu-tools-for-stm32.10.3-2021.10.win32_1.0.0.202111181127/tools/bin/../lib/gcc/arm-none-eabi/10.3.1/../../../../arm-none-eabi/lib/thumb/v7-m/nofp\libc_nano.a(lib_a-errno.o)
 .bss           0x0000000000000000        0x0 c:/st/stm32cubeide_1.10.1/stm32cubeide/plugins/com.st.stm32cube.ide.mcu.externaltools.gnu-tools-for-stm32.10.3-2021.10.win32_1.0.0.202111181127/tools/bin/../lib/gcc/arm-none-eabi/10.3.1/../../../../arm-none-eabi/lib/thumb/v7-m/nofp\libc_nano.a(lib_a-errno.o)
 .text.__errno  0x0000000000000000        0xc c:/st/stm32cubeide_1.10.1/stm32cubeide/plugins/com.st.stm32cube.ide.mcu.externaltools.gnu-tools-for-stm32.10.3-2021.10.win32_1.0.0.202111181127/tools/bin/../lib/gcc/arm-none-eabi/10.3.1/../../../../arm-none-eabi/lib/thumb/v7-m/nofp\libc_nano.a(lib_a-errno.o)
 .debug_frame   0x0000000000000000       0x20 c:/st/stm32cubeide_1.10.1/stm32cubeide/plugins/com.st.stm32cube.ide.mcu.externaltools.gnu-tools-for-stm32.10.3-2021.10.win32_1.0.0.202111181127/tools/bin/../lib/gcc/arm-none-eabi/10.3.1/../../../../arm-none-eabi/lib/thumb/v7-m/nofp\libc_nano.a(lib_a-errno.o)
 .ARM.attributes
                0x0000000000000000       0x2d c:/st/stm32cubeide_1.10.1/stm32cubeide/plugins/com.st.stm32cube.ide.mcu.externaltools.gnu-tools-for-stm32.10.3-2021.10.win32_1.0.0.202111181127/tools/bin/../lib/gcc/arm-none-eabi/10.3.1/../../../../arm-none-eabi/lib/thumb/v7-m/nofp\libc_nano.a(lib_a-errno.o)
 .text          0x0000000000000000        0x0 c:/st/stm32cubeide_1.10.1/stm32cubeide/plugins/com.st.stm32cube.ide.mcu.externaltools.gnu-tools-for-stm32.10.3-2021.10.win32_1.0.0.202111181127/tools/bin/../lib/gcc/arm-none-eabi/10.3.1/../../../../arm-none-eabi/lib/thumb/v7-m/nofp\libc_nano.a(lib_a-exit.o)
 .data          0x0000000000000000        0x0 c:/st/stm32cubeide_1.10.1/stm32cubeide/plugins/com.st.stm32cube.ide.mcu.externaltools.gnu-tools-for-stm32.10.3-2021.10.win32_1.0.0.202111181127/tools/bin/../lib/gcc/arm-none-eabi/10.3.1/../../../../arm-none-eabi/lib/thumb/v7-m/nofp\libc_nano.a(lib_a-exit.o)
 .bss           0x0000000000000000        0x0 c:/st/stm32cubeide_1.10.1/stm32cubeide/plugins/com.st.stm32cube.ide.mcu.externaltools.gnu-tools-for-stm32.10.3-2021.10.win32_1.0.0.202111181127/tools/bin/../lib/gcc/arm-none-eabi/10.3.1/../../../../arm-none-eabi/lib/thumb/v7-m/nofp\libc_nano.a(lib_a-exit.o)
 .text.exit     0x0000000000000000       0x28 c:/st/stm32cubeide_1.10.1/stm32cubeide/plugins/com.st.stm32cube.ide.mcu.externaltools.gnu-tools-for-stm32.10.3-2021.10.win32_1.0.0.202111181127/tools/bin/../lib/gcc/arm-none-eabi/10.3.1/../../../../arm-none-eabi/lib/thumb/v7-m/nofp\libc_nano.a(lib_a-exit.o)
 .debug_frame   0x0000000000000000       0x28 c:/st/stm32cubeide_1.10.1/stm32cubeide/plugins/com.st.stm32cube.ide.mcu.externaltools.gnu-tools-for-stm32.10.3-2021.10.win32_1.0.0.202111181127/tools/bin/../lib/gcc/arm-none-eabi/10.3.1/../../../../arm-none-eabi/lib/thumb/v7-m/nofp\libc_nano.a(lib_a-exit.o)
 .ARM.attributes
                0x0000000000000000       0x2d c:/st/stm32cubeide_1.10.1/stm32cubeide/plugins/com.st.stm32cube.ide.mcu.externaltools.gnu-tools-for-stm32.10.3-2021.10.win32_1.0.0.202111181127/tools/bin/../lib/gcc/arm-none-eabi/10.3.1/../../../../arm-none-eabi/lib/thumb/v7-m/nofp\libc_nano.a(lib_a-exit.o)
 .text          0x0000000000000000        0x0 c:/st/stm32cubeide_1.10.1/stm32cubeide/plugins/com.st.stm32cube.ide.mcu.externaltools.gnu-tools-for-stm32.10.3-2021.10.win32_1.0.0.202111181127/tools/bin/../lib/gcc/arm-none-eabi/10.3.1/../../../../arm-none-eabi/lib/thumb/v7-m/nofp\libc_nano.a(lib_a-impure.o)
 .data          0x0000000000000000        0x0 c:/st/stm32cubeide_1.10.1/stm32cubeide/plugins/com.st.stm32cube.ide.mcu.externaltools.gnu-tools-for-stm32.10.3-2021.10.win32_1.0.0.202111181127/tools/bin/../lib/gcc/arm-none-eabi/10.3.1/../../../../arm-none-eabi/lib/thumb/v7-m/nofp\libc_nano.a(lib_a-impure.o)
 .bss           0x0000000000000000        0x0 c:/st/stm32cubeide_1.10.1/stm32cubeide/plugins/com.st.stm32cube.ide.mcu.externaltools.gnu-tools-for-stm32.10.3-2021.10.win32_1.0.0.202111181127/tools/bin/../lib/gcc/arm-none-eabi/10.3.1/../../../../arm-none-eabi/lib/thumb/v7-m/nofp\libc_nano.a(lib_a-impure.o)
 .data._impure_ptr
                0x0000000000000000        0x4 c:/st/stm32cubeide_1.10.1/stm32cubeide/plugins/com.st.stm32cube.ide.mcu.externaltools.gnu-tools-for-stm32.10.3-2021.10.win32_1.0.0.202111181127/tools/bin/../lib/gcc/arm-none-eabi/10.3.1/../../../../arm-none-eabi/lib/thumb/v7-m/nofp\libc_nano.a(lib_a-impure.o)
 .data.impure_data
                0x0000000000000000       0x60 c:/st/stm32cubeide_1.10.1/stm32cubeide/plugins/com.st.stm32cube.ide.mcu.externaltools.gnu-tools-for-stm32.10.3-2021.10.win32_1.0.0.202111181127/tools/bin/../lib/gcc/arm-none-eabi/10.3.1/../../../../arm-none-eabi/lib/thumb/v7-m/nofp\libc_nano.a(lib_a-impure.o)
 .rodata._global_impure_ptr
                0x0000000000000000        0x4 c:/st/stm32cubeide_1.10.1/stm32cubeide/plugins/com.st.stm32cube.ide.mcu.externaltools.gnu-tools-for-stm32.10.3-2021.10.win32_1.0.0.202111181127/tools/bin/../lib/gcc/arm-none-eabi/10.3.1/../../../../arm-none-eabi/lib/thumb/v7-m/nofp\libc_nano.a(lib_a-impure.o)
 .ARM.attributes
                0x0000000000000000       0x2d c:/st/stm32cubeide_1.10.1/stm32cubeide/plugins/com.st.stm32cube.ide.mcu.externaltools.gnu-tools-for-stm32.10.3-2021.10.win32_1.0.0.202111181127/tools/bin/../lib/gcc/arm-none-eabi/10.3.1/../../../../arm-none-eabi/lib/thumb/v7-m/nofp\libc_nano.a(lib_a-impure.o)
 .text          0x0000000000000000        0x0 c:/st/stm32cubeide_1.10.1/stm32cubeide/plugins/com.st.stm32cube.ide.mcu.externaltools.gnu-tools-for-stm32.10.3-2021.10.win32_1.0.0.202111181127/tools/bin/../lib/gcc/arm-none-eabi/10.3.1/../../../../arm-none-eabi/lib/thumb/v7-m/nofp\libc_nano.a(lib_a-init.o)
 .data          0x0000000000000000        0x0 c:/st/stm32cubeide_1.10.1/stm32cubeide/plugins/com.st.stm32cube.ide.mcu.externaltools.gnu-tools-for-stm32.10.3-2021.10.win32_1.0.0.202111181127/tools/bin/../lib/gcc/arm-none-eabi/10.3.1/../../../../arm-none-eabi/lib/thumb/v7-m/nofp\libc_nano.a(lib_a-init.o)
 .bss           0x0000000000000000        0x0 c:/st/stm32cubeide_1.10.1/stm32cubeide/plugins/com.st.stm32cube.ide.mcu.externaltools.gnu-tools-for-stm32.10.3-2021.10.win32_1.0.0.202111181127/tools/bin/../lib/gcc/arm-none-eabi/10.3.1/../../../../arm-none-eabi/lib/thumb/v7-m/nofp\libc_nano.a(lib_a-init.o)
 .text          0x0000000000000000        0x0 c:/st/stm32cubeide_1.10.1/stm32cubeide/plugins/com.st.stm32cube.ide.mcu.externaltools.gnu-tools-for-stm32.10.3-2021.10.win32_1.0.0.202111181127/tools/bin/../lib/gcc/arm-none-eabi/10.3.1/../../../../arm-none-eabi/lib/thumb/v7-m/nofp\libc_nano.a(lib_a-memset.o)
 .data          0x0000000000000000        0x0 c:/st/stm32cubeide_1.10.1/stm32cubeide/plugins/com.st.stm32cube.ide.mcu.externaltools.gnu-tools-for-stm32.10.3-2021.10.win32_1.0.0.202111181127/tools/bin/../lib/gcc/arm-none-eabi/10.3.1/../../../../arm-none-eabi/lib/thumb/v7-m/nofp\libc_nano.a(lib_a-memset.o)
 .bss           0x0000000000000000        0x0 c:/st/stm32cubeide_1.10.1/stm32cubeide/plugins/com.st.stm32cube.ide.mcu.externaltools.gnu-tools-for-stm32.10.3-2021.10.win32_1.0.0.202111181127/tools/bin/../lib/gcc/arm-none-eabi/10.3.1/../../../../arm-none-eabi/lib/thumb/v7-m/nofp\libc_nano.a(lib_a-memset.o)
 .text.memset   0x0000000000000000       0x10 c:/st/stm32cubeide_1.10.1/stm32cubeide/plugins/com.st.stm32cube.ide.mcu.externaltools.gnu-tools-for-stm32.10.3-2021.10.win32_1.0.0.202111181127/tools/bin/../lib/gcc/arm-none-eabi/10.3.1/../../../../arm-none-eabi/lib/thumb/v7-m/nofp\libc_nano.a(lib_a-memset.o)
 .debug_frame   0x0000000000000000       0x20 c:/st/stm32cubeide_1.10.1/stm32cubeide/plugins/com.st.stm32cube.ide.mcu.externaltools.gnu-tools-for-stm32.10.3-2021.10.win32_1.0.0.202111181127/tools/bin/../lib/gcc/arm-none-eabi/10.3.1/../../../../arm-none-eabi/lib/thumb/v7-m/nofp\libc_nano.a(lib_a-memset.o)
 .ARM.attributes
                0x0000000000000000       0x2d c:/st/stm32cubeide_1.10.1/stm32cubeide/plugins/com.st.stm32cube.ide.mcu.externaltools.gnu-tools-for-stm32.10.3-2021.10.win32_1.0.0.202111181127/tools/bin/../lib/gcc/arm-none-eabi/10.3.1/../../../../arm-none-eabi/lib/thumb/v7-m/nofp\libc_nano.a(lib_a-memset.o)
 .text          0x0000000000000000        0x0 c:/st/stm32cubeide_1.10.1/stm32cubeide/plugins/com.st.stm32cube.ide.mcu.externaltools.gnu-tools-for-stm32.10.3-2021.10.win32_1.0.0.202111181127/tools/bin/../lib/gcc/arm-none-eabi/10.3.1/thumb/v7-m/nofp/crtend.o
 .data          0x0000000000000000        0x0 c:/st/stm32cubeide_1.10.1/stm32cubeide/plugins/com.st.stm32cube.ide.mcu.externaltools.gnu-tools-for-stm32.10.3-2021.10.win32_1.0.0.202111181127/tools/bin/../lib/gcc/arm-none-eabi/10.3.1/thumb/v7-m/nofp/crtend.o
 .bss           0x0000000000000000        0x0 c:/st/stm32cubeide_1.10.1/stm32cubeide/plugins/com.st.stm32cube.ide.mcu.externaltools.gnu-tools-for-stm32.10.3-2021.10.win32_1.0.0.202111181127/tools/bin/../lib/gcc/arm-none-eabi/10.3.1/thumb/v7-m/nofp/crtend.o
 .rodata        0x0000000000000000       0x24 c:/st/stm32cubeide_1.10.1/stm32cubeide/plugins/com.st.stm32cube.ide.mcu.externaltools.gnu-tools-for-stm32.10.3-2021.10.win32_1.0.0.202111181127/tools/bin/../lib/gcc/arm-none-eabi/10.3.1/thumb/v7-m/nofp/crtend.o
 .eh_frame      0x0000000000000000        0x4 c:/st/stm32cubeide_1.10.1/stm32cubeide/plugins/com.st.stm32cube.ide.mcu.externaltools.gnu-tools-for-stm32.10.3-2021.10.win32_1.0.0.202111181127/tools/bin/../lib/gcc/arm-none-eabi/10.3.1/thumb/v7-m/nofp/crtend.o
 .ARM.attributes
                0x0000000000000000       0x2d c:/st/stm32cubeide_1.10.1/stm32cubeide/plugins/com.st.stm32cube.ide.mcu.externaltools.gnu-tools-for-stm32.10.3-2021.10.win32_1.0.0.202111181127/tools/bin/../lib/gcc/arm-none-eabi/10.3.1/thumb/v7-m/nofp/crtend.o
 .text          0x0000000000000000        0x0 c:/st/stm32cubeide_1.10.1/stm32cubeide/plugins/com.st.stm32cube.ide.mcu.externaltools.gnu-tools-for-stm32.10.3-2021.10.win32_1.0.0.202111181127/tools/bin/../lib/gcc/arm-none-eabi/10.3.1/thumb/v7-m/nofp/crtn.o
 .data          0x0000000000000000        0x0 c:/st/stm32cubeide_1.10.1/stm32cubeide/plugins/com.st.stm32cube.ide.mcu.externaltools.gnu-tools-for-stm32.10.3-2021.10.win32_1.0.0.202111181127/tools/bin/../lib/gcc/arm-none-eabi/10.3.1/thumb/v7-m/nofp/crtn.o
 .bss           0x0000000000000000        0x0 c:/st/stm32cubeide_1.10.1/stm32cubeide/plugins/com.st.stm32cube.ide.mcu.externaltools.gnu-tools-for-stm32.10.3-2021.10.win32_1.0.0.202111181127/tools/bin/../lib/gcc/arm-none-eabi/10.3.1/thumb/v7-m/nofp/crtn.o

Memory Configuration

Name             Origin             Length             Attributes
RAM              0x0000000020000000 0x0000000000002800 xrw
FLASH            0x0000000008000000 0x0000000000008000 xr
*default*        0x0000000000000000 0xffffffffffffffff

Linker script and memory map

LOAD c:/st/stm32cubeide_1.10.1/stm32cubeide/plugins/com.st.stm32cube.ide.mcu.externaltools.gnu-tools-for-stm32.10.3-2021.10.win32_1.0.0.202111181127/tools/bin/../lib/gcc/arm-none-eabi/10.3.1/thumb/v7-m/nofp/crti.o
LOAD c:/st/stm32cubeide_1.10.1/stm32cubeide/plugins/com.st.stm32cube.ide.mcu.externaltools.gnu-tools-for-stm32.10.3-2021.10.win32_1.0.0.202111181127/tools/bin/../lib/gcc/arm-none-eabi/10.3.1/thumb/v7-m/nofp/crtbegin.o
LOAD c:/st/stm32cubeide_1.10.1/stm32cubeide/plugins/com.st.stm32cube.ide.mcu.externaltools.gnu-tools-for-stm32.10.3-2021.10.win32_1.0.0.202111181127/tools/bin/../lib/gcc/arm-none-eabi/10.3.1/../../../../arm-none-eabi/lib/thumb/v7-m/nofp/crt0.o
LOAD ./HAL/keypad.o
LOAD ./HAL/lcd.o
LOAD ./STM32f103c6_drivers/EXT/stm32f103x8_EXTI_driver.o
LOAD ./STM32f103c6_drivers/GPIO/stm32f103x8_gpio_driver.o
LOAD ./Src/main.o
LOAD ./Src/syscalls.o
LOAD ./Src/sysmem.o
LOAD ./Startup/startup_stm32f103c6tx.o
START GROUP
LOAD c:/st/stm32cubeide_1.10.1/stm32cubeide/plugins/com.st.stm32cube.ide.mcu.externaltools.gnu-tools-for-stm32.10.3-2021.10.win32_1.0.0.202111181127/tools/bin/../lib/gcc/arm-none-eabi/10.3.1/../../../../arm-none-eabi/lib/thumb/v7-m/nofp\libc_nano.a
LOAD c:/st/stm32cubeide_1.10.1/stm32cubeide/plugins/com.st.stm32cube.ide.mcu.externaltools.gnu-tools-for-stm32.10.3-2021.10.win32_1.0.0.202111181127/tools/bin/../lib/gcc/arm-none-eabi/10.3.1/../../../../arm-none-eabi/lib/thumb/v7-m/nofp\libm.a
END GROUP
START GROUP
LOAD c:/st/stm32cubeide_1.10.1/stm32cubeide/plugins/com.st.stm32cube.ide.mcu.externaltools.gnu-tools-for-stm32.10.3-2021.10.win32_1.0.0.202111181127/tools/bin/../lib/gcc/arm-none-eabi/10.3.1/thumb/v7-m/nofp\libgcc.a
LOAD c:/st/stm32cubeide_1.10.1/stm32cubeide/plugins/com.st.stm32cube.ide.mcu.externaltools.gnu-tools-for-stm32.10.3-2021.10.win32_1.0.0.202111181127/tools/bin/../lib/gcc/arm-none-eabi/10.3.1/../../../../arm-none-eabi/lib/thumb/v7-m/nofp\libg_nano.a
LOAD c:/st/stm32cubeide_1.10.1/stm32cubeide/plugins/com.st.stm32cube.ide.mcu.externaltools.gnu-tools-for-stm32.10.3-2021.10.win32_1.0.0.202111181127/tools/bin/../lib/gcc/arm-none-eabi/10.3.1/../../../../arm-none-eabi/lib/thumb/v7-m/nofp\libc_nano.a
END GROUP
START GROUP
LOAD c:/st/stm32cubeide_1.10.1/stm32cubeide/plugins/com.st.stm32cube.ide.mcu.externaltools.gnu-tools-for-stm32.10.3-2021.10.win32_1.0.0.202111181127/tools/bin/../lib/gcc/arm-none-eabi/10.3.1/thumb/v7-m/nofp\libgcc.a
LOAD c:/st/stm32cubeide_1.10.1/stm32cubeide/plugins/com.st.stm32cube.ide.mcu.externaltools.gnu-tools-for-stm32.10.3-2021.10.win32_1.0.0.202111181127/tools/bin/../lib/gcc/arm-none-eabi/10.3.1/../../../../arm-none-eabi/lib/thumb/v7-m/nofp\libc_nano.a
LOAD c:/st/stm32cubeide_1.10.1/stm32cubeide/plugins/com.st.stm32cube.ide.mcu.externaltools.gnu-tools-for-stm32.10.3-2021.10.win32_1.0.0.202111181127/tools/bin/../lib/gcc/arm-none-eabi/10.3.1/../../../../arm-none-eabi/lib/thumb/v7-m/nofp\libnosys.a
END GROUP
START GROUP
LOAD c:/st/stm32cubeide_1.10.1/stm32cubeide/plugins/com.st.stm32cube.ide.mcu.externaltools.gnu-tools-for-stm32.10.3-2021.10.win32_1.0.0.202111181127/tools/bin/../lib/gcc/arm-none-eabi/10.3.1/thumb/v7-m/nofp\libgcc.a
LOAD c:/st/stm32cubeide_1.10.1/stm32cubeide/plugins/com.st.stm32cube.ide.mcu.externaltools.gnu-tools-for-stm32.10.3-2021.10.win32_1.0.0.202111181127/tools/bin/../lib/gcc/arm-none-eabi/10.3.1/../../../../arm-none-eabi/lib/thumb/v7-m/nofp\libc_nano.a
LOAD c:/st/stm32cubeide_1.10.1/stm32cubeide/plugins/com.st.stm32cube.ide.mcu.externaltools.gnu-tools-for-stm32.10.3-2021.10.win32_1.0.0.202111181127/tools/bin/../lib/gcc/arm-none-eabi/10.3.1/../../../../arm-none-eabi/lib/thumb/v7-m/nofp\libnosys.a
END GROUP
LOAD c:/st/stm32cubeide_1.10.1/stm32cubeide/plugins/com.st.stm32cube.ide.mcu.externaltools.gnu-tools-for-stm32.10.3-2021.10.win32_1.0.0.202111181127/tools/bin/../lib/gcc/arm-none-eabi/10.3.1/thumb/v7-m/nofp/crtend.o
LOAD c:/st/stm32cubeide_1.10.1/stm32cubeide/plugins/com.st.stm32cube.ide.mcu.externaltools.gnu-tools-for-stm32.10.3-2021.10.win32_1.0.0.202111181127/tools/bin/../lib/gcc/arm-none-eabi/10.3.1/thumb/v7-m/nofp/crtn.o
                0x0000000020002800                _estack = (ORIGIN (RAM) + LENGTH (RAM))
                0x0000000000000200                _Min_Heap_Size = 0x200
                0x0000000000000400                _Min_Stack_Size = 0x400

.isr_vector     0x0000000008000000      0x130
                0x0000000008000000                . = ALIGN (0x4)
 *(.isr_vector)
 .isr_vector    0x0000000008000000      0x130 ./Startup/startup_stm32f103c6tx.o
                0x0000000008000000                g_pfnVectors
                0x0000000008000130                . = ALIGN (0x4)

.text           0x0000000008000130      0xa64
                0x0000000008000130                . = ALIGN (0x4)
 *(.text)
 .text          0x0000000008000130       0x40 c:/st/stm32cubeide_1.10.1/stm32cubeide/plugins/com.st.stm32cube.ide.mcu.externaltools.gnu-tools-for-stm32.10.3-2021.10.win32_1.0.0.202111181127/tools/bin/../lib/gcc/arm-none-eabi/10.3.1/thumb/v7-m/nofp/crtbegin.o
 *(.text*)
 .text.Enable_NVIC
                0x0000000008000170       0xcc ./STM32f103c6_drivers/EXT/stm32f103x8_EXTI_driver.o
                0x0000000008000170                Enable_NVIC
 .text.Disable_NVIC
                0x000000000800023c       0xcc ./STM32f103c6_drivers/EXT/stm32f103x8_EXTI_driver.o
                0x000000000800023c                Disable_NVIC
 .text.Update_EXTI
                0x0000000008000308      0x1d8 ./STM32f103c6_drivers/EXT/stm32f103x8_EXTI_driver.o
                0x0000000008000308                Update_EXTI
 .text.MCAL_EXTI_GPIO_Init
                0x00000000080004e0       0x16 ./STM32f103c6_drivers/EXT/stm32f103x8_EXTI_driver.o
                0x00000000080004e0                MCAL_EXTI_GPIO_Init
 *fill*         0x00000000080004f6        0x2 
 .text.EXTI0_IRQHandler
                0x00000000080004f8       0x24 ./STM32f103c6_drivers/EXT/stm32f103x8_EXTI_driver.o
                0x00000000080004f8                EXTI0_IRQHandler
 .text.EXTI1_IRQHandler
                0x000000000800051c       0x24 ./STM32f103c6_drivers/EXT/stm32f103x8_EXTI_driver.o
                0x000000000800051c                EXTI1_IRQHandler
 .text.EXTI2_IRQHandler
                0x0000000008000540       0x24 ./STM32f103c6_drivers/EXT/stm32f103x8_EXTI_driver.o
                0x0000000008000540                EXTI2_IRQHandler
 .text.EXTI3_IRQHandler
                0x0000000008000564       0x24 ./STM32f103c6_drivers/EXT/stm32f103x8_EXTI_driver.o
                0x0000000008000564                EXTI3_IRQHandler
 .text.EXTI4_IRQHandler
                0x0000000008000588       0x24 ./STM32f103c6_drivers/EXT/stm32f103x8_EXTI_driver.o
                0x0000000008000588                EXTI4_IRQHandler
 .text.EXTI9_5_IRQHandler
                0x00000000080005ac       0xa8 ./STM32f103c6_drivers/EXT/stm32f103x8_EXTI_driver.o
                0x00000000080005ac                EXTI9_5_IRQHandler
 .text.EXTI15_10_IRQHandler
                0x0000000008000654       0xc4 ./STM32f103c6_drivers/EXT/stm32f103x8_EXTI_driver.o
                0x0000000008000654                EXTI15_10_IRQHandler
 .text.Get_CRLH_Position
                0x0000000008000718      0x170 ./STM32f103c6_drivers/GPIO/stm32f103x8_gpio_driver.o
                0x0000000008000718                Get_CRLH_Position
 .text.MCAL_GPIO_Init
                0x0000000008000888      0x158 ./STM32f103c6_drivers/GPIO/stm32f103x8_gpio_driver.o
                0x0000000008000888                MCAL_GPIO_Init
 .text.MCAL_GPIO_WritePin
                0x00000000080009e0       0x36 ./STM32f103c6_drivers/GPIO/stm32f103x8_gpio_driver.o
                0x00000000080009e0                MCAL_GPIO_WritePin
 .text.MCAL_GPIO_TogglePin
                0x0000000008000a16       0x2a ./STM32f103c6_drivers/GPIO/stm32f103x8_gpio_driver.o
                0x0000000008000a16                MCAL_GPIO_TogglePin
 .text.main     0x0000000008000a40       0x8c ./Src/main.o
                0x0000000008000a40                main
 .text.my_call_back
                0x0000000008000acc       0x14 ./Src/main.o
                0x0000000008000acc                my_call_back
 .text.Reset_Handler
                0x0000000008000ae0       0x50 ./Startup/startup_stm32f103c6tx.o
                0x0000000008000ae0                Reset_Handler
 .text.Default_Handler
                0x0000000008000b30        0x2 ./Startup/startup_stm32f103c6tx.o
                0x0000000008000b30                TIM8_TRG_COM_IRQHandler
                0x0000000008000b30                TIM8_CC_IRQHandler
                0x0000000008000b30                DebugMon_Handler
                0x0000000008000b30                TIM1_CC_IRQHandler
                0x0000000008000b30                HardFault_Handler
                0x0000000008000b30                TIM6_IRQHandler
                0x0000000008000b30                SysTick_Handler
                0x0000000008000b30                PVD_IRQHandler
                0x0000000008000b30                SDIO_IRQHandler
                0x0000000008000b30                PendSV_Handler
                0x0000000008000b30                NMI_Handler
                0x0000000008000b30                USB_HP_CAN_TX_IRQHandler
                0x0000000008000b30                I2C2_EV_IRQHandler
                0x0000000008000b30                UsageFault_Handler
                0x0000000008000b30                ADC1_2_IRQHandler
                0x0000000008000b30                SPI1_IRQHandler
                0x0000000008000b30                CAN_SCE_IRQHandler
                0x0000000008000b30                TAMPER_IRQHandler
                0x0000000008000b30                TIM8_UP_IRQHandler
                0x0000000008000b30                DMA2_Channel2_IRQHandler
                0x0000000008000b30                DMA1_Channel4_IRQHandler
                0x0000000008000b30                USART3_IRQHandler
                0x0000000008000b30                RTC_IRQHandler
                0x0000000008000b30                DMA1_Channel7_IRQHandler
                0x0000000008000b30                UART5_IRQHandler
                0x0000000008000b30                ADC3_IRQHandler
                0x0000000008000b30                TIM4_IRQHandler
                0x0000000008000b30                CAN_RX1_IRQHandler
                0x0000000008000b30                DMA2_Channel1_IRQHandler
                0x0000000008000b30                I2C1_EV_IRQHandler
                0x0000000008000b30                DMA1_Channel6_IRQHandler
                0x0000000008000b30                UART4_IRQHandler
                0x0000000008000b30                TIM3_IRQHandler
                0x0000000008000b30                RCC_IRQHandler
                0x0000000008000b30                TIM1_TRG_COM_IRQHandler
                0x0000000008000b30                DMA1_Channel1_IRQHandler
                0x0000000008000b30                Default_Handler
                0x0000000008000b30                TIM7_IRQHandler
                0x0000000008000b30                TIM5_IRQHandler
                0x0000000008000b30                SPI2_IRQHandler
                0x0000000008000b30                USB_LP_CAN_RX0_IRQHandler
                0x0000000008000b30                MemManage_Handler
                0x0000000008000b30                SVC_Handler
                0x0000000008000b30                DMA1_Channel5_IRQHandler
                0x0000000008000b30                DMA1_Channel3_IRQHandler
                0x0000000008000b30                FSMC_IRQHandler
                0x0000000008000b30                TIM1_UP_IRQHandler
                0x0000000008000b30                WWDG_IRQHandler
                0x0000000008000b30                TIM2_IRQHandler
                0x0000000008000b30                TIM1_BRK_IRQHandler
                0x0000000008000b30                RTCAlarm_IRQHandler
                0x0000000008000b30                DMA2_Channel4_5_IRQHandler
                0x0000000008000b30                USART2_IRQHandler
                0x0000000008000b30                I2C2_ER_IRQHandler
                0x0000000008000b30                DMA1_Channel2_IRQHandler
                0x0000000008000b30                TIM8_BRK_IRQHandler
                0x0000000008000b30                FLASH_IRQHandler
                0x0000000008000b30                BusFault_Handler
                0x0000000008000b30                USART1_IRQHandler
                0x0000000008000b30                SPI3_IRQHandler
                0x0000000008000b30                I2C1_ER_IRQHandler
                0x0000000008000b30                DMA2_Channel3_IRQHandler
 *fill*         0x0000000008000b32        0x2 
 .text.__libc_init_array
                0x0000000008000b34       0x48 c:/st/stm32cubeide_1.10.1/stm32cubeide/plugins/com.st.stm32cube.ide.mcu.externaltools.gnu-tools-for-stm32.10.3-2021.10.win32_1.0.0.202111181127/tools/bin/../lib/gcc/arm-none-eabi/10.3.1/../../../../arm-none-eabi/lib/thumb/v7-m/nofp\libc_nano.a(lib_a-init.o)
                0x0000000008000b34                __libc_init_array
 *(.glue_7)
 .glue_7        0x0000000008000b7c        0x0 linker stubs
 *(.glue_7t)
 .glue_7t       0x0000000008000b7c        0x0 linker stubs
 *(.eh_frame)
 .eh_frame      0x0000000008000b7c        0x0 c:/st/stm32cubeide_1.10.1/stm32cubeide/plugins/com.st.stm32cube.ide.mcu.externaltools.gnu-tools-for-stm32.10.3-2021.10.win32_1.0.0.202111181127/tools/bin/../lib/gcc/arm-none-eabi/10.3.1/thumb/v7-m/nofp/crtbegin.o
 *(.init)
 .init          0x0000000008000b7c        0x4 c:/st/stm32cubeide_1.10.1/stm32cubeide/plugins/com.st.stm32cube.ide.mcu.externaltools.gnu-tools-for-stm32.10.3-2021.10.win32_1.0.0.202111181127/tools/bin/../lib/gcc/arm-none-eabi/10.3.1/thumb/v7-m/nofp/crti.o
                0x0000000008000b7c                _init
 .init          0x0000000008000b80        0x8 c:/st/stm32cubeide_1.10.1/stm32cubeide/plugins/com.st.stm32cube.ide.mcu.externaltools.gnu-tools-for-stm32.10.3-2021.10.win32_1.0.0.202111181127/tools/bin/../lib/gcc/arm-none-eabi/10.3.1/thumb/v7-m/nofp/crtn.o
 *(.fini)
 .fini          0x0000000008000b88        0x4 c:/st/stm32cubeide_1.10.1/stm32cubeide/plugins/com.st.stm32cube.ide.mcu.externaltools.gnu-tools-for-stm32.10.3-2021.10.win32_1.0.0.202111181127/tools/bin/../lib/gcc/arm-none-eabi/10.3.1/thumb/v7-m/nofp/crti.o
                0x0000000008000b88                _fini
 .fini          0x0000000008000b8c        0x8 c:/st/stm32cubeide_1.10.1/stm32cubeide/plugins/com.st.stm32cube.ide.mcu.externaltools.gnu-tools-for-stm32.10.3-2021.10.win32_1.0.0.202111181127/tools/bin/../lib/gcc/arm-none-eabi/10.3.1/thumb/v7-m/nofp/crtn.o
                0x0000000008000b94                . = ALIGN (0x4)
                0x0000000008000b94                _etext = .

.vfp11_veneer   0x0000000008000b94        0x0
 .vfp11_veneer  0x0000000008000b94        0x0 linker stubs

.v4_bx          0x0000000008000b94        0x0
 .v4_bx         0x0000000008000b94        0x0 linker stubs

.iplt           0x0000000008000b94        0x0
 .iplt          0x0000000008000b94        0x0 c:/st/stm32cubeide_1.10.1/stm32cubeide/plugins/com.st.stm32cube.ide.mcu.externaltools.gnu-tools-for-stm32.10.3-2021.10.win32_1.0.0.202111181127/tools/bin/../lib/gcc/arm-none-eabi/10.3.1/thumb/v7-m/nofp/crtbegin.o

.rodata         0x0000000008000b94        0xc
                0x0000000008000b94                . = ALIGN (0x4)
 *(.rodata)
 .rodata        0x0000000008000b94        0xc ./Src/main.o
 *(.rodata*)
                0x0000000008000ba0                . = ALIGN (0x4)

.rel.dyn        0x0000000008000ba0        0x0
 .rel.iplt      0x0000000008000ba0        0x0 c:/st/stm32cubeide_1.10.1/stm32cubeide/plugins/com.st.stm32cube.ide.mcu.externaltools.gnu-tools-for-stm32.10.3-2021.10.win32_1.0.0.202111181127/tools/bin/../lib/gcc/arm-none-eabi/10.3.1/thumb/v7-m/nofp/crtbegin.o

.ARM.extab      0x0000000008000ba0        0x0
                0x0000000008000ba0                . = ALIGN (0x4)
 *(.ARM.extab* .gnu.linkonce.armextab.*)
                0x0000000008000ba0                . = ALIGN (0x4)

.ARM            0x0000000008000ba0        0x0
                0x0000000008000ba0                . = ALIGN (0x4)
                0x0000000008000ba0                __exidx_start = .
 *(.ARM.exidx*)
                0x0000000008000ba0                __exidx_end = .
                0x0000000008000ba0                . = ALIGN (0x4)

.preinit_array  0x0000000008000ba0        0x0
                0x0000000008000ba0                . = ALIGN (0x4)
                0x0000000008000ba0                PROVIDE (__preinit_array_start = .)
 *(.preinit_array*)
                0x0000000008000ba0                PROVIDE (__preinit_array_end = .)
                0x0000000008000ba0                . = ALIGN (0x4)

.init_array     0x0000000008000ba0        0x4
                0x0000000008000ba0                . = ALIGN (0x4)
                0x0000000008000ba0                PROVIDE (__init_array_start = .)
 *(SORT_BY_NAME(.init_array.*))
 *(.init_array*)
 .init_array    0x0000000008000ba0        0x4 c:/st/stm32cubeide_1.10.1/stm32cubeide/plugins/com.st.stm32cube.ide.mcu.externaltools.gnu-tools-for-stm32.10.3-2021.10.win32_1.0.0.202111181127/tools/bin/../lib/gcc/arm-none-eabi/10.3.1/thumb/v7-m/nofp/crtbegin.o
                0x0000000008000ba4                PROVIDE (__init_array_end = .)
                0x0000000008000ba4                . = ALIGN (0x4)

.fini_array     0x0000000008000ba4        0x4
                0x0000000008000ba4                . = ALIGN (0x4)
                [!provide]                        PROVIDE (__fini_array_start = .)
 *(SORT_BY_NAME(.fini_array.*))
 *(.fini_array*)
 .fini_array    0x0000000008000ba4        0x4 c:/st/stm32cubeide_1.10.1/stm32cubeide/plugins/com.st.stm32cube.ide.mcu.externaltools.gnu-tools-for-stm32.10.3-2021.10.win32_1.0.0.202111181127/tools/bin/../lib/gcc/arm-none-eabi/10.3.1/thumb/v7-m/nofp/crtbegin.o
                [!provide]                        PROVIDE (__fini_array_end = .)
                0x0000000008000ba8                . = ALIGN (0x4)
                0x0000000008000ba8                _sidata = LOADADDR (.data)

.data           0x0000000020000000        0x0 load address 0x0000000008000ba8
                0x0000000020000000                . = ALIGN (0x4)
                0x0000000020000000                _sdata = .
 *(.data)
 *(.data*)
 *(.RamFunc)
 *(.RamFunc*)
                0x0000000020000000                . = ALIGN (0x4)
                0x0000000020000000                _edata = .

.igot.plt       0x0000000020000000        0x0 load address 0x0000000008000ba8
 .igot.plt      0x0000000020000000        0x0 c:/st/stm32cubeide_1.10.1/stm32cubeide/plugins/com.st.stm32cube.ide.mcu.externaltools.gnu-tools-for-stm32.10.3-2021.10.win32_1.0.0.202111181127/tools/bin/../lib/gcc/arm-none-eabi/10.3.1/thumb/v7-m/nofp/crtbegin.o
                0x0000000020000000                . = ALIGN (0x4)

.bss            0x0000000020000000       0x74 load address 0x0000000008000ba8
                0x0000000020000000                _sbss = .
                0x0000000020000000                __bss_start__ = _sbss
 *(.bss)
 .bss           0x0000000020000000       0x1c c:/st/stm32cubeide_1.10.1/stm32cubeide/plugins/com.st.stm32cube.ide.mcu.externaltools.gnu-tools-for-stm32.10.3-2021.10.win32_1.0.0.202111181127/tools/bin/../lib/gcc/arm-none-eabi/10.3.1/thumb/v7-m/nofp/crtbegin.o
 *(.bss*)
 .bss.GP_IRQ_CallBack
                0x000000002000001c       0x3c ./STM32f103c6_drivers/EXT/stm32f103x8_EXTI_driver.o
                0x000000002000001c                GP_IRQ_CallBack
 .bss.led       0x0000000020000058        0x8 ./Src/main.o
                0x0000000020000058                led
 .bss.push_button
                0x0000000020000060       0x14 ./Src/main.o
                0x0000000020000060                push_button
 *(COMMON)
                0x0000000020000074                . = ALIGN (0x4)
                0x0000000020000074                _ebss = .
                0x0000000020000074                __bss_end__ = _ebss

._user_heap_stack
                0x0000000020000074      0x604 load address 0x0000000008000ba8
                0x0000000020000078                . = ALIGN (0x8)
 *fill*         0x0000000020000074        0x4 
                [!provide]                        PROVIDE (end = .)
                0x0000000020000078                PROVIDE (_end = .)
                0x0000000020000278                . = (. + _Min_Heap_Size)
 *fill*         0x0000000020000078      0x200 
                0x0000000020000678                . = (. + _Min_Stack_Size)
 *fill*         0x0000000020000278      0x400 
                0x0000000020000678                . = ALIGN (0x8)

/DISCARD/
 libc.a(*)
 libm.a(*)
 libgcc.a(*)

.ARM.attributes
                0x0000000000000000       0x29
 *(.ARM.attributes)
 .ARM.attributes
                0x0000000000000000       0x1d c:/st/stm32cubeide_1.10.1/stm32cubeide/plugins/com.st.stm32cube.ide.mcu.externaltools.gnu-tools-for-stm32.10.3-2021.10.win32_1.0.0.202111181127/tools/bin/../lib/gcc/arm-none-eabi/10.3.1/thumb/v7-m/nofp/crti.o
 .ARM.attributes
                0x000000000000001d       0x2d c:/st/stm32cubeide_1.10.1/stm32cubeide/plugins/com.st.stm32cube.ide.mcu.externaltools.gnu-tools-for-stm32.10.3-2021.10.win32_1.0.0.202111181127/tools/bin/../lib/gcc/arm-none-eabi/10.3.1/thumb/v7-m/nofp/crtbegin.o
 .ARM.attributes
                0x000000000000004a       0x2d ./STM32f103c6_drivers/EXT/stm32f103x8_EXTI_driver.o
 .ARM.attributes
                0x0000000000000077       0x2d ./STM32f103c6_drivers/GPIO/stm32f103x8_gpio_driver.o
 .ARM.attributes
                0x00000000000000a4       0x2d ./Src/main.o
 .ARM.attributes
                0x00000000000000d1       0x21 ./Startup/startup_stm32f103c6tx.o
 .ARM.attributes
                0x00000000000000f2       0x2d c:/st/stm32cubeide_1.10.1/stm32cubeide/plugins/com.st.stm32cube.ide.mcu.externaltools.gnu-tools-for-stm32.10.3-2021.10.win32_1.0.0.202111181127/tools/bin/../lib/gcc/arm-none-eabi/10.3.1/../../../../arm-none-eabi/lib/thumb/v7-m/nofp\libc_nano.a(lib_a-init.o)
 .ARM.attributes
                0x000000000000011f       0x1d c:/st/stm32cubeide_1.10.1/stm32cubeide/plugins/com.st.stm32cube.ide.mcu.externaltools.gnu-tools-for-stm32.10.3-2021.10.win32_1.0.0.202111181127/tools/bin/../lib/gcc/arm-none-eabi/10.3.1/thumb/v7-m/nofp/crtn.o
OUTPUT(stm32_drivers.elf elf32-littlearm)
LOAD linker stubs
LOAD c:/st/stm32cubeide_1.10.1/stm32cubeide/plugins/com.st.stm32cube.ide.mcu.externaltools.gnu-tools-for-stm32.10.3-2021.10.win32_1.0.0.202111181127/tools/bin/../lib/gcc/arm-none-eabi/10.3.1/../../../../arm-none-eabi/lib/thumb/v7-m/nofp\libc.a
LOAD c:/st/stm32cubeide_1.10.1/stm32cubeide/plugins/com.st.stm32cube.ide.mcu.externaltools.gnu-tools-for-stm32.10.3-2021.10.win32_1.0.0.202111181127/tools/bin/../lib/gcc/arm-none-eabi/10.3.1/../../../../arm-none-eabi/lib/thumb/v7-m/nofp\libm.a
LOAD c:/st/stm32cubeide_1.10.1/stm32cubeide/plugins/com.st.stm32cube.ide.mcu.externaltools.gnu-tools-for-stm32.10.3-2021.10.win32_1.0.0.202111181127/tools/bin/../lib/gcc/arm-none-eabi/10.3.1/thumb/v7-m/nofp\libgcc.a

.debug_info     0x0000000000000000      0xe6c
 .debug_info    0x0000000000000000      0x53a ./STM32f103c6_drivers/EXT/stm32f103x8_EXTI_driver.o
 .debug_info    0x000000000000053a      0x50b ./STM32f103c6_drivers/GPIO/stm32f103x8_gpio_driver.o
 .debug_info    0x0000000000000a45      0x405 ./Src/main.o
 .debug_info    0x0000000000000e4a       0x22 ./Startup/startup_stm32f103c6tx.o

.debug_abbrev   0x0000000000000000      0x440
 .debug_abbrev  0x0000000000000000      0x180 ./STM32f103c6_drivers/EXT/stm32f103x8_EXTI_driver.o
 .debug_abbrev  0x0000000000000180      0x180 ./STM32f103c6_drivers/GPIO/stm32f103x8_gpio_driver.o
 .debug_abbrev  0x0000000000000300      0x12e ./Src/main.o
 .debug_abbrev  0x000000000000042e       0x12 ./Startup/startup_stm32f103c6tx.o

.debug_loc      0x0000000000000000      0x710
 .debug_loc     0x0000000000000000      0x320 ./STM32f103c6_drivers/EXT/stm32f103x8_EXTI_driver.o
 .debug_loc     0x0000000000000320      0x330 ./STM32f103c6_drivers/GPIO/stm32f103x8_gpio_driver.o
 .debug_loc     0x0000000000000650       0xc0 ./Src/main.o

.debug_aranges  0x0000000000000000      0x138
 .debug_aranges
                0x0000000000000000       0x80 ./STM32f103c6_drivers/EXT/stm32f103x8_EXTI_driver.o
 .debug_aranges
                0x0000000000000080       0x60 ./STM32f103c6_drivers/GPIO/stm32f103x8_gpio_driver.o
 .debug_aranges
                0x00000000000000e0       0x30 ./Src/main.o
 .debug_aranges
                0x0000000000000110       0x28 ./Startup/startup_stm32f103c6tx.o

.debug_ranges   0x0000000000000000      0x100
 .debug_ranges  0x0000000000000000       0x70 ./STM32f103c6_drivers/EXT/stm32f103x8_EXTI_driver.o
 .debug_ranges  0x0000000000000070       0x50 ./STM32f103c6_drivers/GPIO/stm32f103x8_gpio_driver.o
 .debug_ranges  0x00000000000000c0       0x20 ./Src/main.o
 .debug_ranges  0x00000000000000e0       0x20 ./Startup/startup_stm32f103c6tx.o

.debug_macro    0x0000000000000000      0x988
 .debug_macro   0x0000000000000000      0x15f ./STM32f103c6_drivers/EXT/stm32f103x8_EXTI_driver.o
 .debug_macro   0x000000000000015f       0xd6 ./STM32f103c6_drivers/EXT/stm32f103x8_EXTI_driver.o
 .debug_macro   0x0000000000000235      0x227 ./STM32f103c6_drivers/EXT/stm32f103x8_EXTI_driver.o
 .debug_macro   0x000000000000045c      0x14c ./STM32f103c6_drivers/GPIO/stm32f103x8_gpio_driver.o
 .debug_macro   0x00000000000005a8      0x17b ./Src/main.o
 .debug_macro   0x0000000000000723       0x8e ./Src/main.o
 .debug_macro   0x00000000000007b1       0x51 ./Src/main.o
 .debug_macro   0x0000000000000802       0x52 ./Src/main.o
 .debug_macro   0x0000000000000854       0xca ./Src/main.o
 .debug_macro   0x000000000000091e       0x6a ./Src/main.o

.debug_line     0x0000000000000000     0x1876
 .debug_line    0x0000000000000000      0x9ad ./STM32f103c6_drivers/EXT/stm32f103x8_EXTI_driver.o
 .debug_line    0x00000000000009ad      0x80a ./STM32f103c6_drivers/GPIO/stm32f103x8_gpio_driver.o
 .debug_line    0x00000000000011b7      0x63b ./Src/main.o
 .debug_line    0x00000000000017f2       0x84 ./Startup/startup_stm32f103c6tx.o

.debug_str      0x0000000000000000     0x94d9
 .debug_str     0x0000000000000000     0x8e6e ./STM32f103c6_drivers/EXT/stm32f103x8_EXTI_driver.o
                                       0x9084 (size before relaxing)
 .debug_str     0x0000000000008e6e      0x15c ./STM32f103c6_drivers/GPIO/stm32f103x8_gpio_driver.o
                                       0x7c20 (size before relaxing)
 .debug_str     0x0000000000008fca      0x4de ./Src/main.o
                                       0x93e8 (size before relaxing)
 .debug_str     0x00000000000094a8       0x31 ./Startup/startup_stm32f103c6tx.o
                                         0x76 (size before relaxing)

.comment        0x0000000000000000       0x50
 .comment       0x0000000000000000       0x50 ./STM32f103c6_drivers/EXT/stm32f103x8_EXTI_driver.o
                                         0x51 (size before relaxing)
 .comment       0x0000000000000050       0x51 ./STM32f103c6_drivers/GPIO/stm32f103x8_gpio_driver.o
 .comment       0x0000000000000050       0x51 ./Src/main.o

.debug_frame    0x0000000000000000      0x3c8
 .debug_frame   0x0000000000000000      0x1b0 ./STM32f103c6_drivers/EXT/stm32f103x8_EXTI_driver.o
 .debug_frame   0x00000000000001b0      0x178 ./STM32f103c6_drivers/GPIO/stm32f103x8_gpio_driver.o
 .debug_frame   0x0000000000000328       0x74 ./Src/main.o
 .debug_frame   0x000000000000039c       0x2c c:/st/stm32cubeide_1.10.1/stm32cubeide/plugins/com.st.stm32cube.ide.mcu.externaltools.gnu-tools-for-stm32.10.3-2021.10.win32_1.0.0.202111181127/tools/bin/../lib/gcc/arm-none-eabi/10.3.1/../../../../arm-none-eabi/lib/thumb/v7-m/nofp\libc_nano.a(lib_a-init.o)
