21:51:09 **** Incremental Build of configuration Debug for project stm32_drivers ****
make -j8 all 
arm-none-eabi-gcc -gdwarf-2 "../Src/main.c" -mcpu=cortex-m3 -std=gnu11 -g3 -DDEBUG -DSTM32 -DSTM32F1 -DSTM32F103C6Tx -c -I../Inc -I"C:/Users/20100/Documents/Emmbedded system driver/stm32_drivers/HAL/includes" -I"C:/Users/20100/Documents/Emmbedded system driver/stm32_drivers/STM32f103c6_drivers/inc" -O0 -ffunction-sections -fdata-sections -Wall -fstack-usage -MMD -MP -MF"Src/main.d" -MT"Src/main.o" --specs=nano.specs -mfloat-abi=soft -mthumb -o "Src/main.o"
arm-none-eabi-gcc -gdwarf-2 "../STM32f103c6_drivers/GPIO/stm32f103x8_gpio_driver.c" -mcpu=cortex-m3 -std=gnu11 -g3 -DDEBUG -DSTM32 -DSTM32F1 -DSTM32F103C6Tx -c -I../Inc -I"C:/Users/20100/Documents/Emmbedded system driver/stm32_drivers/HAL/includes" -I"C:/Users/20100/Documents/Emmbedded system driver/stm32_drivers/STM32f103c6_drivers/inc" -O0 -ffunction-sections -fdata-sections -Wall -fstack-usage -MMD -MP -MF"STM32f103c6_drivers/GPIO/stm32f103x8_gpio_driver.d" -MT"STM32f103c6_drivers/GPIO/stm32f103x8_gpio_driver.o" --specs=nano.specs -mfloat-abi=soft -mthumb -o "STM32f103c6_drivers/GPIO/stm32f103x8_gpio_driver.o"
arm-none-eabi-gcc -gdwarf-2 "../STM32f103c6_drivers/EXT/stm32f103x8_EXTI_driver.c" -mcpu=cortex-m3 -std=gnu11 -g3 -DDEBUG -DSTM32 -DSTM32F1 -DSTM32F103C6Tx -c -I../Inc -I"C:/Users/20100/Documents/Emmbedded system driver/stm32_drivers/HAL/includes" -I"C:/Users/20100/Documents/Emmbedded system driver/stm32_drivers/STM32f103c6_drivers/inc" -O0 -ffunction-sections -fdata-sections -Wall -fstack-usage -MMD -MP -MF"STM32f103c6_drivers/EXT/stm32f103x8_EXTI_driver.d" -MT"STM32f103c6_drivers/EXT/stm32f103x8_EXTI_driver.o" --specs=nano.specs -mfloat-abi=soft -mthumb -o "STM32f103c6_drivers/EXT/stm32f103x8_EXTI_driver.o"
arm-none-eabi-gcc -gdwarf-2 "../HAL/keypad.c" -mcpu=cortex-m3 -std=gnu11 -g3 -DDEBUG -DSTM32 -DSTM32F1 -DSTM32F103C6Tx -c -I../Inc -I"C:/Users/20100/Documents/Emmbedded system driver/stm32_drivers/HAL/includes" -I"C:/Users/20100/Documents/Emmbedded system driver/stm32_drivers/STM32f103c6_drivers/inc" -O0 -ffunction-sections -fdata-sections -Wall -fstack-usage -MMD -MP -MF"HAL/keypad.d" -MT"HAL/keypad.o" --specs=nano.specs -mfloat-abi=soft -mthumb -o "HAL/keypad.o"
arm-none-eabi-gcc -gdwarf-2 "../HAL/lcd.c" -mcpu=cortex-m3 -std=gnu11 -g3 -DDEBUG -DSTM32 -DSTM32F1 -DSTM32F103C6Tx -c -I../Inc -I"C:/Users/20100/Documents/Emmbedded system driver/stm32_drivers/HAL/includes" -I"C:/Users/20100/Documents/Emmbedded system driver/stm32_drivers/STM32f103c6_drivers/inc" -O0 -ffunction-sections -fdata-sections -Wall -fstack-usage -MMD -MP -MF"HAL/lcd.d" -MT"HAL/lcd.o" --specs=nano.specs -mfloat-abi=soft -mthumb -o "HAL/lcd.o"
arm-none-eabi-gcc -gdwarf-2 -o "stm32_drivers.elf" @"objects.list"   -mcpu=cortex-m3 -T"C:\Users\20100\Documents\Emmbedded system driver\stm32_drivers\STM32F103C6TX_FLASH.ld" --specs=nosys.specs -Wl,-Map="stm32_drivers.map" -Wl,--gc-sections -static --specs=nano.specs -mfloat-abi=soft -mthumb -Wl,--start-group -lc -lm -Wl,--end-group
Finished building target: stm32_drivers.elf
 
arm-none-eabi-size   stm32_drivers.elf 
arm-none-eabi-objdump -h -S  stm32_drivers.elf  > "stm32_drivers.list"
   text	   data	    bss	    dec	    hex	filename
   3272	     24	   1720	   5016	   1398	stm32_drivers.elf
Finished building: default.size.stdout
 
Finished building: stm32_drivers.list
 

21:51:10 Build Finished. 0 errors, 0 warnings. (took 1s.218ms)

